Component: Arm Compiler for Embedded 6.18 Tool: armlink [5e4cc100]

==============================================================================

Section Cross References

    startup_stm32g0b1xx.o(RESET) refers to startup_stm32g0b1xx.o(STACK) for __initial_sp
    startup_stm32g0b1xx.o(RESET) refers to startup_stm32g0b1xx.o(.text) for Reset_Handler
    startup_stm32g0b1xx.o(RESET) refers to stm32g0xx_it.o(.text.NMI_Handler) for NMI_Handler
    startup_stm32g0b1xx.o(RESET) refers to stm32g0xx_it.o(.text.HardFault_Handler) for HardFault_Handler
    startup_stm32g0b1xx.o(RESET) refers to stm32g0xx_it.o(.text.SVC_Handler) for SVC_Handler
    startup_stm32g0b1xx.o(RESET) refers to stm32g0xx_it.o(.text.PendSV_Handler) for PendSV_Handler
    startup_stm32g0b1xx.o(RESET) refers to stm32g0xx_it.o(.text.SysTick_Handler) for SysTick_Handler
    startup_stm32g0b1xx.o(RESET) refers to main.o(.text.EXTI2_3_IRQHandler) for EXTI2_3_IRQHandler
    startup_stm32g0b1xx.o(RESET) refers to main.o(.text.USART1_IRQHandler) for USART1_IRQHandler
    startup_stm32g0b1xx.o(.text) refers to system_stm32g0xx.o(.text.SystemInit) for SystemInit
    startup_stm32g0b1xx.o(.text) refers to entry.o(.ARM.Collect$$$$00000000) for __main
    main.o(.text.MSG_Send) refers to stm32g0xx_hal_uart.o(.text.HAL_UART_Transmit) for HAL_UART_Transmit
    main.o(.text.MSG_Send) refers to stm32g0xx_hal_uart.o(.text.HAL_UART_Receive_IT) for HAL_UART_Receive_IT
    main.o(.text.MSG_Send) refers to main.o(.bss.huart1) for huart1
    main.o(.text.MSG_Send) refers to main.o(.bss.g_fUART1_Byte) for g_fUART1_Byte
    main.o(.ARM.exidx.text.MSG_Send) refers to main.o(.text.MSG_Send) for [Anonymous Symbol]
    main.o(.ARM.exidx.text.HAL_UART_ErrorCallback) refers to main.o(.text.HAL_UART_ErrorCallback) for [Anonymous Symbol]
    main.o(.text.USART1_IRQHandler) refers to stm32g0xx_hal_uart.o(.text.HAL_UART_IRQHandler) for HAL_UART_IRQHandler
    main.o(.text.USART1_IRQHandler) refers to stm32g0xx_hal_uart.o(.text.HAL_UART_Receive_IT) for HAL_UART_Receive_IT
    main.o(.text.USART1_IRQHandler) refers to frm_protocol.o(.text.Receive_Interruption) for Receive_Interruption
    main.o(.text.USART1_IRQHandler) refers to main.o(.bss.huart1) for huart1
    main.o(.text.USART1_IRQHandler) refers to main.o(.bss.g_fUART1_Byte) for g_fUART1_Byte
    main.o(.text.USART1_IRQHandler) refers to main.o(.bss.function) for [Anonymous Symbol]
    main.o(.ARM.exidx.text.USART1_IRQHandler) refers to main.o(.text.USART1_IRQHandler) for [Anonymous Symbol]
    main.o(.text.EXTI2_3_IRQHandler) refers to stm32g0xx_hal_gpio.o(.text.HAL_GPIO_EXTI_IRQHandler) for HAL_GPIO_EXTI_IRQHandler
    main.o(.text.EXTI2_3_IRQHandler) refers to stm32g0xx_hal_gpio.o(.text.HAL_GPIO_ReadPin) for HAL_GPIO_ReadPin
    main.o(.text.EXTI2_3_IRQHandler) refers to main.o(.bss.IT_Button) for [Anonymous Symbol]
    main.o(.text.EXTI2_3_IRQHandler) refers to main.o(.bss.times) for [Anonymous Symbol]
    main.o(.ARM.exidx.text.EXTI2_3_IRQHandler) refers to main.o(.text.EXTI2_3_IRQHandler) for [Anonymous Symbol]
    main.o(.text.main) refers to stm32g0xx_hal.o(.text.HAL_Init) for HAL_Init
    main.o(.text.main) refers to main.o(.text.SystemClock_Config) for SystemClock_Config
    main.o(.text.main) refers to main.o(.text.MX_GPIO_Init) for MX_GPIO_Init
    main.o(.text.main) refers to main.o(.text.MX_USART1_UART_Init) for MX_USART1_UART_Init
    main.o(.text.main) refers to main.o(.text.MX_USART2_UART_Init) for MX_USART2_UART_Init
    main.o(.text.main) refers to memcpya.o(.text) for __aeabi_memcpy
    main.o(.text.main) refers to frm_protocol.o(.text.ML_API_ResetAndStandby) for ML_API_ResetAndStandby
    main.o(.text.main) refers to printfa.o(i.__0printf) for printf
    main.o(.text.main) refers to frm_protocol.o(.text.ML_API_Enrollment_0x13) for ML_API_Enrollment_0x13
    main.o(.text.main) refers to frm_protocol.o(.text.ML_API_DeleteAll) for ML_API_DeleteAll
    main.o(.text.main) refers to frm_protocol.o(.text.ML_API_Match) for ML_API_Match
    main.o(.text.main) refers to stm32g0xx_hal.o(.text.HAL_SuspendTick) for HAL_SuspendTick
    main.o(.text.main) refers to stm32g0xx_hal_pwr.o(.text.HAL_PWR_EnterSLEEPMode) for HAL_PWR_EnterSLEEPMode
    main.o(.text.main) refers to stm32g0xx_hal.o(.text.HAL_ResumeTick) for HAL_ResumeTick
    main.o(.text.main) refers to main.o(.bss.p_function_1) for p_function_1
    main.o(.text.main) refers to main.o(.bss.function) for [Anonymous Symbol]
    main.o(.text.main) refers to main.o(.bss.IT_Button) for [Anonymous Symbol]
    main.o(.text.main) refers to main.o(.bss.p_function_3) for p_function_3
    main.o(.text.main) refers to main.o(.bss.user) for user
    main.o(.text.main) refers to main.o(.bss.p_function_2) for p_function_2
    main.o(.text.main) refers to main.o(.rodata.cst32) for [Anonymous Symbol]
    main.o(.text.main) refers to main.o(.rodata..L__const.main.str_dir) for [Anonymous Symbol]
    main.o(.text.main) refers to main.o(.rodata.str1.1) for [Anonymous Symbol]
[...]
    Removing frm_protocol.o(.text.ML_API_GetUUID), (148 bytes).
    Removing frm_protocol.o(.ARM.exidx.text.ML_API_GetUUID), (8 bytes).
    Removing frm_protocol.o(.text.State_of_Enrollment_0x26), (118 bytes).
    Removing frm_protocol.o(.ARM.exidx.text.State_of_Enrollment_0x26), (8 bytes).
    Removing frm_protocol.o(.text.ML_API_Enrollment_0x26), (656 bytes).
    Removing frm_protocol.o(.ARM.exidx.text.ML_API_Enrollment_0x26), (8 bytes).
    Removing frm_protocol.o(.ARM.exidx.text.State_of_Enrollment_0x13), (8 bytes).
    Removing frm_protocol.o(.ARM.exidx.text.ML_API_Enrollment_0x13), (8 bytes).
    Removing frm_protocol.o(.bss.uart_get_flag), (1 bytes).
    Removing frm_protocol.o(.rodata..L__const.ML_API_PowerDown.pCmd1), (6 bytes).
    Removing frm_protocol.o(.rodata..L__const.ML_API_PresentationMode.pCmd1), (7 bytes).
    Removing frm_protocol.o(.rodata..L__const.ML_API_GetModuleState.pCmd1), (6 bytes).
    Removing frm_protocol.o(.rodata..L__const.ML_API_ResetAndStandby.pCmd1), (6 bytes).
    Removing frm_protocol.o(.rodata..L__const.ML_API_GetAllUserID.pCmd1), (6 bytes).
    Removing frm_protocol.o(.rodata.cst8), (24 bytes).
    Removing frm_protocol.o(.rodata..L__const.ML_API_DeleteAll.pCmd1), (6 bytes).
    Removing frm_protocol.o(.rodata..L__const.ML_API_GetUUID.pCmd1), (6 bytes).
    Removing frm_protocol.o(.rodata..L__const.ML_API_Enrollment_0x26.pEnrollCmd), (46 bytes).
    Removing frm_protocol.o(.rodata..L__const.ML_API_Enrollment_0x26.face_dir), (5 bytes).
    Removing frm_protocol.o(.rodata..L__const.ML_API_Enrollment_0x26.pAns), (5 bytes).
    Removing frm_protocol.o(.rodata..L__const.ML_API_Enrollment_0x13.face_dir), (5 bytes).
    Removing frm_protocol.o(.rodata..L__const.ML_API_Enrollment_0x13.pAns), (5 bytes).

662 unused section(s) (total 36226 bytes) removed from the image.

==============================================================================

Image Symbol Table

    Local Symbols

    Symbol Name                              Value     Ov Type        Size  Object(Section)

    ../clib/division.s                       0x00000000   Number         0  aeabi_sdiv.o ABSOLUTE
    ../clib/division.s                       0x00000000   Number         0  aeabi_sdiv_div0.o ABSOLUTE
    ../clib/microlib/division.c              0x00000000   Number         0  uidiv.o ABSOLUTE
    ../clib/microlib/division.c              0x00000000   Number         0  idiv.o ABSOLUTE
    ../clib/microlib/division.c              0x00000000   Number         0  uldiv.o ABSOLUTE
    ../clib/microlib/division.c              0x00000000   Number         0  uidiv_div0.o ABSOLUTE
    ../clib/microlib/division.c              0x00000000   Number         0  idiv_div0.o ABSOLUTE
    ../clib/microlib/division.c              0x00000000   Number         0  idiv0.o ABSOLUTE
    ../clib/microlib/init/entry.s            0x00000000   Number         0  entry.o ABSOLUTE
    ../clib/microlib/init/entry.s            0x00000000   Number         0  entry2.o ABSOLUTE
    ../clib/microlib/init/entry.s            0x00000000   Number         0  entry5.o ABSOLUTE
    ../clib/microlib/init/entry.s            0x00000000   Number         0  entry7a.o ABSOLUTE
    ../clib/microlib/init/entry.s            0x00000000   Number         0  entry7b.o ABSOLUTE
    ../clib/microlib/init/entry.s            0x00000000   Number         0  entry8a.o ABSOLUTE
    ../clib/microlib/init/entry.s            0x00000000   Number         0  entry8b.o ABSOLUTE
    ../clib/microlib/init/entry.s            0x00000000   Number         0  entry9a.o ABSOLUTE
    ../clib/microlib/init/entry.s            0x00000000   Number         0  entry9b.o ABSOLUTE
    ../clib/microlib/init/entry.s            0x00000000   Number         0  entry10a.o ABSOLUTE
    ../clib/microlib/init/entry.s            0x00000000   Number         0  entry10b.o ABSOLUTE
    ../clib/microlib/init/entry.s            0x00000000   Number         0  entry11a.o ABSOLUTE
    ../clib/microlib/init/entry.s            0x00000000   Number         0  entry11b.o ABSOLUTE
    ../clib/microlib/longlong.c              0x00000000   Number         0  llshl.o ABSOLUTE
    ../clib/microlib/longlong.c              0x00000000   Number         0  llushr.o ABSOLUTE
    ../clib/microlib/longlong.c              0x00000000   Number         0  llsshr.o ABSOLUTE
    ../clib/microlib/printf/printf.c         0x00000000   Number         0  printfa.o ABSOLUTE
    ../clib/microlib/stdio/streams.c         0x00000000   Number         0  stdout.o ABSOLUTE
    ../clib/microlib/string/memcpy.c         0x00000000   Number         0  memcpya.o ABSOLUTE
    ../clib/microlib/string/memcpy.c         0x00000000   Number         0  memcpyb.o ABSOLUTE
    ../clib/microlib/string/memset.c         0x00000000   Number         0  memseta.o ABSOLUTE
    ../clib/microlib/stubs.s                 0x00000000   Number         0  iusefp.o ABSOLUTE
    ../fplib/microlib/fpadd.c                0x00000000   Number         0  dadd.o ABSOLUTE
    ../fplib/microlib/fpdiv.c                0x00000000   Number         0  ddiv.o ABSOLUTE
    ../fplib/microlib/fpepilogue.c           0x00000000   Number         0  depilogue.o ABSOLUTE
    ../fplib/microlib/fpfix.c                0x00000000   Number         0  dfixul.o ABSOLUTE
    ../fplib/microlib/fpmul.c                0x00000000   Number         0  dmul.o ABSOLUTE
    FRM_Protocol.c                           0x00000000   Number         0  frm_protocol.o ABSOLUTE
    cdrcmple.s                               0x00000000   Number         0  cdrcmple.o ABSOLUTE
    dc.s                                     0x00000000   Number         0  dc.o ABSOLUTE
    handlers.s                               0x00000000   Number         0  handlers.o ABSOLUTE
    init.s                                   0x00000000   Number         0  init.o ABSOLUTE
    main.c                                   0x00000000   Number         0  main.o ABSOLUTE
    startup_stm32g0b1xx.s                    0x00000000   Number         0  startup_stm32g0b1xx.o ABSOLUTE
    stm32g0xx_hal.c                          0x00000000   Number         0  stm32g0xx_hal.o ABSOLUTE
    stm32g0xx_hal_cortex.c                   0x00000000   Number         0  stm32g0xx_hal_cortex.o ABSOLUTE
    stm32g0xx_hal_dma.c                      0x00000000   Number         0  stm32g0xx_hal_dma.o ABSOLUTE
    stm32g0xx_hal_dma_ex.c                   0x00000000   Number         0  stm32g0xx_hal_dma_ex.o ABSOLUTE
    stm32g0xx_hal_exti.c                     0x00000000   Number         0  stm32g0xx_hal_exti.o ABSOLUTE
    stm32g0xx_hal_flash.c                    0x00000000   Number         0  stm32g0xx_hal_flash.o ABSOLUTE
    stm32g0xx_hal_flash_ex.c                 0x00000000   Number         0  stm32g0xx_hal_flash_ex.o ABSOLUTE
    stm32g0xx_hal_gpio.c                     0x00000000   Number         0  stm32g0xx_hal_gpio.o ABSOLUTE
    stm32g0xx_hal_msp.c                      0x00000000   Number         0  stm32g0xx_hal_msp.o ABSOLUTE
    stm32g0xx_hal_pwr.c                      0x00000000   Number         0  stm32g0xx_hal_pwr.o ABSOLUTE
    stm32g0xx_hal_pwr_ex.c                   0x00000000   Number         0  stm32g0xx_hal_pwr_ex.o ABSOLUTE
    stm32g0xx_hal_rcc.c                      0x00000000   Number         0  stm32g0xx_hal_rcc.o ABSOLUTE
    stm32g0xx_hal_rcc_ex.c                   0x00000000   Number         0  stm32g0xx_hal_rcc_ex.o ABSOLUTE
    stm32g0xx_hal_tim.c                      0x00000000   Number         0  stm32g0xx_hal_tim.o ABSOLUTE
    stm32g0xx_hal_tim_ex.c                   0x00000000   Number         0  stm32g0xx_hal_tim_ex.o ABSOLUTE
    stm32g0xx_hal_uart.c                     0x00000000   Number         0  stm32g0xx_hal_uart.o ABSOLUTE
    stm32g0xx_hal_uart_ex.c                  0x00000000   Number         0  stm32g0xx_hal_uart_ex.o ABSOLUTE
    stm32g0xx_it.c                           0x00000000   Number         0  stm32g0xx_it.o ABSOLUTE
    stm32g0xx_ll_dma.c                       0x00000000   Number         0  stm32g0xx_ll_dma.o ABSOLUTE
    stm32g0xx_ll_rcc.c                       0x00000000   Number         0  stm32g0xx_ll_rcc.o ABSOLUTE
    system_stm32g0xx.c                       0x00000000   Number         0  system_stm32g0xx.o ABSOLUTE
    RESET                                    0x08000000   Section      188  startup_stm32g0b1xx.o(RESET)
    .ARM.Collect$$$$00000000                 0x080000bc   Section        0  entry.o(.ARM.Collect$$$$00000000)
    .ARM.Collect$$$$00000001                 0x080000bc   Section        4  entry2.o(.ARM.Collect$$$$00000001)
    .ARM.Collect$$$$00000004                 0x080000c0   Section        4  entry5.o(.ARM.Collect$$$$00000004)
    .ARM.Collect$$$$00000008                 0x080000c4   Section        0  entry7b.o(.ARM.Collect$$$$00000008)
    .ARM.Collect$$$$0000000A                 0x080000c4   Section        0  entry8b.o(.ARM.Collect$$$$0000000A)
    .ARM.Collect$$$$0000000B                 0x080000c4   Section        8  entry9a.o(.ARM.Collect$$$$0000000B)
    __lit__00000000                          0x080000cc   Data           4  entry2.o(.ARM.Collect$$$$00002712)
    .ARM.Collect$$$$0000000D                 0x080000cc   Section        0  entry10a.o(.ARM.Collect$$$$0000000D)
    .ARM.Collect$$$$0000000F                 0x080000cc   Section        0  entry11a.o(.ARM.Collect$$$$0000000F)
    .ARM.Collect$$$$00002712                 0x080000cc   Section        4  entry2.o(.ARM.Collect$$$$00002712)
    .text                                    0x080000d0   Section       28  startup_stm32g0b1xx.o(.text)
    .text                                    0x080000ec   Section        0  uldiv.o(.text)
    .text                                    0x0800014c   Section        0  memcpya.o(.text)
    .text                                    0x08000170   Section        0  memseta.o(.text)
    .text                                    0x08000194   Section        0  uidiv_div0.o(.text)
    .text                                    0x080001d4   Section        0  idiv_div0.o(.text)
    .text                                    0x08000224   Section        0  llshl.o(.text)
    .text                                    0x08000244   Section        0  llushr.o(.text)
    .text                                    0x08000266   Section        0  iusefp.o(.text)
    .text                                    0x08000268   Section        0  dadd.o(.text)
    .text                                    0x080003cc   Section        0  dmul.o(.text)
    .text                                    0x0800049c   Section        0  ddiv.o(.text)
    .text                                    0x0800058c   Section        0  dfixul.o(.text)
    .text                                    0x080005cc   Section       40  cdrcmple.o(.text)
    .text                                    0x080005f4   Section       36  init.o(.text)
    .text                                    0x08000618   Section        0  llsshr.o(.text)
    .text                                    0x0800063e   Section        0  depilogue.o(.text)
    [Anonymous Symbol]                       0x080006fc   Section        0  frm_protocol.o(.text.DataStorage)
    __arm_cp.7_2                             0x08000780   Number         4  frm_protocol.o(.text.DataStorage)
    [Anonymous Symbol]                       0x08000784   Section        0  frm_protocol.o(.text.Delay_ms)
    [Anonymous Symbol]                       0x080007d0   Section        0  frm_protocol.o(.text.Delay_us)
    __arm_cp.0_0                             0x0800083c   Number         4  frm_protocol.o(.text.Delay_us)
    [Anonymous Symbol]                       0x08000840   Section        0  main.o(.text.EXTI2_3_IRQHandler)
    __arm_cp.3_0                             0x0800088c   Number         4  main.o(.text.EXTI2_3_IRQHandler)
    __arm_cp.3_1                             0x08000890   Number         4  main.o(.text.EXTI2_3_IRQHandler)
    __arm_cp.3_2                             0x08000894   Number         4  main.o(.text.EXTI2_3_IRQHandler)
    [Anonymous Symbol]                       0x08000898   Section        0  main.o(.text.Error_Handler)
    [Anonymous Symbol]                       0x080008a8   Section        0  frm_protocol.o(.text.GetDataLength)
    __arm_cp.4_1                             0x08000930   Number         4  frm_protocol.o(.text.GetDataLength)
    __arm_cp.4_2                             0x08000934   Number         4  frm_protocol.o(.text.GetDataLength)
    [Anonymous Symbol]                       0x08000938   Section        0  frm_protocol.o(.text.GetModuleState)
    __arm_cp.6_0                             0x08000970   Number         4  frm_protocol.o(.text.GetModuleState)
    [Anonymous Symbol]                       0x08000974   Section        0  frm_protocol.o(.text.GetParityCheck)
    [Anonymous Symbol]                       0x080009b2   Section        0  stm32g0xx_hal_dma.o(.text.HAL_DMA_Abort)
    [Anonymous Symbol]                       0x08000a6e   Section        0  stm32g0xx_hal_dma.o(.text.HAL_DMA_Abort_IT)
    [Anonymous Symbol]                       0x08000b20   Section        0  stm32g0xx_hal_gpio.o(.text.HAL_GPIO_EXTI_Falling_Callback)
    [Anonymous Symbol]                       0x08000b2c   Section        0  stm32g0xx_hal_gpio.o(.text.HAL_GPIO_EXTI_IRQHandler)
    __arm_cp.6_0                             0x08000b74   Number         4  stm32g0xx_hal_gpio.o(.text.HAL_GPIO_EXTI_IRQHandler)
    __arm_cp.6_1                             0x08000b78   Number         4  stm32g0xx_hal_gpio.o(.text.HAL_GPIO_EXTI_IRQHandler)
    [Anonymous Symbol]                       0x08000b7c   Section        0  stm32g0xx_hal_gpio.o(.text.HAL_GPIO_EXTI_Rising_Callback)
    [Anonymous Symbol]                       0x08000b88   Section        0  stm32g0xx_hal_gpio.o(.text.HAL_GPIO_Init)
    __arm_cp.0_0                             0x08000e4c   Number         4  stm32g0xx_hal_gpio.o(.text.HAL_GPIO_Init)
    __arm_cp.0_1                             0x08000e50   Number         4  stm32g0xx_hal_gpio.o(.text.HAL_GPIO_Init)
    __arm_cp.0_2                             0x08000e54   Number         4  stm32g0xx_hal_gpio.o(.text.HAL_GPIO_Init)
    __arm_cp.0_3                             0x08000e58   Number         4  stm32g0xx_hal_gpio.o(.text.HAL_GPIO_Init)
    __arm_cp.0_4                             0x08000e5c   Number         4  stm32g0xx_hal_gpio.o(.text.HAL_GPIO_Init)
    __arm_cp.0_5                             0x08000e60   Number         4  stm32g0xx_hal_gpio.o(.text.HAL_GPIO_Init)
    __arm_cp.0_6                             0x08000e64   Number         4  stm32g0xx_hal_gpio.o(.text.HAL_GPIO_Init)
    __arm_cp.0_7                             0x08000e68   Number         4  stm32g0xx_hal_gpio.o(.text.HAL_GPIO_Init)
    __arm_cp.0_8                             0x08000e6c   Number         4  stm32g0xx_hal_gpio.o(.text.HAL_GPIO_Init)
    [Anonymous Symbol]                       0x08000e70   Section        0  stm32g0xx_hal_gpio.o(.text.HAL_GPIO_ReadPin)
    [Anonymous Symbol]                       0x08000ea4   Section        0  stm32g0xx_hal.o(.text.HAL_GetTick)
    [Anonymous Symbol]                       0x08000eac   Section        0  stm32g0xx_hal.o(.text.HAL_IncTick)
    __arm_cp.5_1                             0x08000ebc   Number         4  stm32g0xx_hal.o(.text.HAL_IncTick)
    [Anonymous Symbol]                       0x08000ec0   Section        0  stm32g0xx_hal.o(.text.HAL_Init)
    __arm_cp.0_0                             0x08000ef8   Number         4  stm32g0xx_hal.o(.text.HAL_Init)
    [Anonymous Symbol]                       0x08000efc   Section        0  stm32g0xx_hal.o(.text.HAL_InitTick)
    __arm_cp.1_0                             0x08000f74   Number         4  stm32g0xx_hal.o(.text.HAL_InitTick)
    __arm_cp.1_2                             0x08000f78   Number         4  stm32g0xx_hal.o(.text.HAL_InitTick)
    [Anonymous Symbol]                       0x08000f7c   Section        0  stm32g0xx_hal_msp.o(.text.HAL_MspInit)
    __arm_cp.0_0                             0x08000fbc   Number         4  stm32g0xx_hal_msp.o(.text.HAL_MspInit)
    __arm_cp.0_1                             0x08000fc0   Number         4  stm32g0xx_hal_msp.o(.text.HAL_MspInit)
    [Anonymous Symbol]                       0x08000fc4   Section        0  stm32g0xx_hal_cortex.o(.text.HAL_NVIC_EnableIRQ)
    [Anonymous Symbol]                       0x08000fda   Section        0  stm32g0xx_hal_cortex.o(.text.HAL_NVIC_SetPriority)
    [Anonymous Symbol]                       0x08000ff8   Section        0  stm32g0xx_hal_pwr_ex.o(.text.HAL_PWREx_ControlVoltageScaling)
    [Anonymous Symbol]                       0x08001068   Section        0  stm32g0xx_hal_pwr_ex.o(.text.HAL_PWREx_DisableLowPowerRunMode)
    __arm_cp.29_0                            0x080010c4   Number         4  stm32g0xx_hal_pwr_ex.o(.text.HAL_PWREx_DisableLowPowerRunMode)
    __arm_cp.29_1                            0x080010c8   Number         4  stm32g0xx_hal_pwr_ex.o(.text.HAL_PWREx_DisableLowPowerRunMode)
    [Anonymous Symbol]                       0x080010cc   Section        0  stm32g0xx_hal_pwr_ex.o(.text.HAL_PWREx_EnableLowPowerRunMode)
    __arm_cp.28_0                            0x080010dc   Number         4  stm32g0xx_hal_pwr_ex.o(.text.HAL_PWREx_EnableLowPowerRunMode)
    [Anonymous Symbol]                       0x080010e0   Section        0  stm32g0xx_hal_pwr.o(.text.HAL_PWR_EnterSLEEPMode)
    __arm_cp.5_0                             0x08001148   Number         4  stm32g0xx_hal_pwr.o(.text.HAL_PWR_EnterSLEEPMode)
    __arm_cp.5_1                             0x0800114c   Number         4  stm32g0xx_hal_pwr.o(.text.HAL_PWR_EnterSLEEPMode)
    [Anonymous Symbol]                       0x08001150   Section        0  stm32g0xx_hal_rcc_ex.o(.text.HAL_RCCEx_PeriphCLKConfig)
    __arm_cp.0_0                             0x0800157c   Number         4  stm32g0xx_hal_rcc_ex.o(.text.HAL_RCCEx_PeriphCLKConfig)
    __arm_cp.0_1                             0x08001580   Number         4  stm32g0xx_hal_rcc_ex.o(.text.HAL_RCCEx_PeriphCLKConfig)
    __arm_cp.0_2                             0x08001584   Number         4  stm32g0xx_hal_rcc_ex.o(.text.HAL_RCCEx_PeriphCLKConfig)
    __arm_cp.0_3                             0x08001588   Number         4  stm32g0xx_hal_rcc_ex.o(.text.HAL_RCCEx_PeriphCLKConfig)
    __arm_cp.0_4                             0x0800158c   Number         4  stm32g0xx_hal_rcc_ex.o(.text.HAL_RCCEx_PeriphCLKConfig)
    __arm_cp.0_5                             0x08001590   Number         4  stm32g0xx_hal_rcc_ex.o(.text.HAL_RCCEx_PeriphCLKConfig)
    __arm_cp.0_6                             0x08001594   Number         4  stm32g0xx_hal_rcc_ex.o(.text.HAL_RCCEx_PeriphCLKConfig)
    [Anonymous Symbol]                       0x08001598   Section        0  stm32g0xx_hal_rcc.o(.text.HAL_RCC_ClockConfig)
    __arm_cp.2_0                             0x080017d4   Number         4  stm32g0xx_hal_rcc.o(.text.HAL_RCC_ClockConfig)
    __arm_cp.2_2                             0x080017d8   Number         4  stm32g0xx_hal_rcc.o(.text.HAL_RCC_ClockConfig)
    __arm_cp.2_3                             0x080017dc   Number         4  stm32g0xx_hal_rcc.o(.text.HAL_RCC_ClockConfig)
    __arm_cp.2_5                             0x080017e0   Number         4  stm32g0xx_hal_rcc.o(.text.HAL_RCC_ClockConfig)
    __arm_cp.2_7                             0x080017e4   Number         4  stm32g0xx_hal_rcc.o(.text.HAL_RCC_ClockConfig)
    __arm_cp.2_8                             0x080017e8   Number         4  stm32g0xx_hal_rcc.o(.text.HAL_RCC_ClockConfig)
    [Anonymous Symbol]                       0x080017ec   Section        0  stm32g0xx_hal_rcc.o(.text.HAL_RCC_GetHCLKFreq)
    __arm_cp.5_0                             0x080017f4   Number         4  stm32g0xx_hal_rcc.o(.text.HAL_RCC_GetHCLKFreq)
    [Anonymous Symbol]                       0x080017f8   Section        0  stm32g0xx_hal_rcc.o(.text.HAL_RCC_GetPCLK1Freq)
    __arm_cp.6_0                             0x0800181c   Number         4  stm32g0xx_hal_rcc.o(.text.HAL_RCC_GetPCLK1Freq)
    [Anonymous Symbol]                       0x08001820   Section        0  stm32g0xx_hal_rcc.o(.text.HAL_RCC_GetSysClockFreq)
    __arm_cp.3_0                             0x0800192c   Number         4  stm32g0xx_hal_rcc.o(.text.HAL_RCC_GetSysClockFreq)
    __arm_cp.3_1                             0x08001930   Number         4  stm32g0xx_hal_rcc.o(.text.HAL_RCC_GetSysClockFreq)
    __arm_cp.3_2                             0x08001934   Number         4  stm32g0xx_hal_rcc.o(.text.HAL_RCC_GetSysClockFreq)
    __arm_cp.3_3                             0x08001938   Number         4  stm32g0xx_hal_rcc.o(.text.HAL_RCC_GetSysClockFreq)
    __arm_cp.3_4                             0x0800193c   Number         4  stm32g0xx_hal_rcc.o(.text.HAL_RCC_GetSysClockFreq)
    [Anonymous Symbol]                       0x08001940   Section        0  stm32g0xx_hal_rcc.o(.text.HAL_RCC_OscConfig)
    __arm_cp.1_17                            0x08001d74   Number         4  stm32g0xx_hal_rcc.o(.text.HAL_RCC_OscConfig)
    __arm_cp.1_18                            0x08001d78   Number         4  stm32g0xx_hal_rcc.o(.text.HAL_RCC_OscConfig)
    __arm_cp.1_19                            0x08001d7c   Number         4  stm32g0xx_hal_rcc.o(.text.HAL_RCC_OscConfig)
    __arm_cp.1_20                            0x08001d80   Number         4  stm32g0xx_hal_rcc.o(.text.HAL_RCC_OscConfig)
    __arm_cp.1_21                            0x08001d84   Number         4  stm32g0xx_hal_rcc.o(.text.HAL_RCC_OscConfig)
    __arm_cp.1_0                             0x0800205c   Number         4  stm32g0xx_hal_rcc.o(.text.HAL_RCC_OscConfig)
    __arm_cp.1_1                             0x08002060   Number         4  stm32g0xx_hal_rcc.o(.text.HAL_RCC_OscConfig)
    __arm_cp.1_2                             0x08002064   Number         4  stm32g0xx_hal_rcc.o(.text.HAL_RCC_OscConfig)
    __arm_cp.1_8                             0x08002068   Number         4  stm32g0xx_hal_rcc.o(.text.HAL_RCC_OscConfig)
    __arm_cp.1_9                             0x0800206c   Number         4  stm32g0xx_hal_rcc.o(.text.HAL_RCC_OscConfig)
    __arm_cp.1_10                            0x08002070   Number         4  stm32g0xx_hal_rcc.o(.text.HAL_RCC_OscConfig)
    __arm_cp.1_11                            0x08002074   Number         4  stm32g0xx_hal_rcc.o(.text.HAL_RCC_OscConfig)
    __arm_cp.1_12                            0x08002078   Number         4  stm32g0xx_hal_rcc.o(.text.HAL_RCC_OscConfig)
    __arm_cp.1_13                            0x0800207c   Number         4  stm32g0xx_hal_rcc.o(.text.HAL_RCC_OscConfig)
    [Anonymous Symbol]                       0x08002080   Section        0  stm32g0xx_hal.o(.text.HAL_ResumeTick)
    [Anonymous Symbol]                       0x0800208c   Section        0  stm32g0xx_hal.o(.text.HAL_SYSCFG_StrobeDBattpinsConfig)
    __arm_cp.34_0                            0x080020a4   Number         4  stm32g0xx_hal.o(.text.HAL_SYSCFG_StrobeDBattpinsConfig)
    [Anonymous Symbol]                       0x080020a8   Section        0  stm32g0xx_hal_cortex.o(.text.HAL_SYSTICK_Config)
    [Anonymous Symbol]                       0x080020b8   Section        0  stm32g0xx_hal.o(.text.HAL_SuspendTick)
    __arm_cp.11_0                            0x080020c4   Number         4  stm32g0xx_hal.o(.text.HAL_SuspendTick)
    [Anonymous Symbol]                       0x080020c8   Section        0  stm32g0xx_hal_uart_ex.o(.text.HAL_UARTEx_DisableFifoMode)
    [Anonymous Symbol]                       0x08002142   Section        0  stm32g0xx_hal_uart.o(.text.HAL_UARTEx_RxEventCallback)
    [Anonymous Symbol]                       0x0800214e   Section        0  stm32g0xx_hal_uart_ex.o(.text.HAL_UARTEx_RxFifoFullCallback)
    [Anonymous Symbol]                       0x08002156   Section        0  stm32g0xx_hal_uart_ex.o(.text.HAL_UARTEx_SetRxFifoThreshold)
    [Anonymous Symbol]                       0x080021e6   Section        0  stm32g0xx_hal_uart_ex.o(.text.HAL_UARTEx_SetTxFifoThreshold)
    [Anonymous Symbol]                       0x08002276   Section        0  stm32g0xx_hal_uart_ex.o(.text.HAL_UARTEx_TxFifoEmptyCallback)
    [Anonymous Symbol]                       0x0800227e   Section        0  stm32g0xx_hal_uart_ex.o(.text.HAL_UARTEx_WakeupCallback)
    [Anonymous Symbol]                       0x08002286   Section        0  main.o(.text.HAL_UART_ErrorCallback)
    [Anonymous Symbol]                       0x08002290   Section        0  stm32g0xx_hal_uart.o(.text.HAL_UART_IRQHandler)
    __arm_cp.44_5                            0x08002684   Number         4  stm32g0xx_hal_uart.o(.text.HAL_UART_IRQHandler)
    __arm_cp.44_6                            0x08002688   Number         4  stm32g0xx_hal_uart.o(.text.HAL_UART_IRQHandler)
    __arm_cp.44_7                            0x0800268c   Number         4  stm32g0xx_hal_uart.o(.text.HAL_UART_IRQHandler)
    __arm_cp.44_3                            0x08002814   Number         4  stm32g0xx_hal_uart.o(.text.HAL_UART_IRQHandler)
    __arm_cp.44_4                            0x08002818   Number         4  stm32g0xx_hal_uart.o(.text.HAL_UART_IRQHandler)
    [Anonymous Symbol]                       0x0800281c   Section        0  stm32g0xx_hal_uart.o(.text.HAL_UART_Init)
    [Anonymous Symbol]                       0x080028d0   Section        0  stm32g0xx_hal_msp.o(.text.HAL_UART_MspInit)
    __arm_cp.1_0                             0x080029fc   Number         4  stm32g0xx_hal_msp.o(.text.HAL_UART_MspInit)
    __arm_cp.1_1                             0x08002a00   Number         4  stm32g0xx_hal_msp.o(.text.HAL_UART_MspInit)
    __arm_cp.1_2                             0x08002a04   Number         4  stm32g0xx_hal_msp.o(.text.HAL_UART_MspInit)
    __arm_cp.1_3                             0x08002a08   Number         4  stm32g0xx_hal_msp.o(.text.HAL_UART_MspInit)
    __arm_cp.1_4                             0x08002a0c   Number         4  stm32g0xx_hal_msp.o(.text.HAL_UART_MspInit)
    __arm_cp.1_5                             0x08002a10   Number         4  stm32g0xx_hal_msp.o(.text.HAL_UART_MspInit)
    [Anonymous Symbol]                       0x08002a14   Section        0  stm32g0xx_hal_uart.o(.text.HAL_UART_Receive_IT)
    __arm_cp.18_0                            0x08002af4   Number         4  stm32g0xx_hal_uart.o(.text.HAL_UART_Receive_IT)
    __arm_cp.18_1                            0x08002af8   Number         4  stm32g0xx_hal_uart.o(.text.HAL_UART_Receive_IT)
    [Anonymous Symbol]                       0x08002afc   Section        0  stm32g0xx_hal_uart.o(.text.HAL_UART_RxCpltCallback)
    [Anonymous Symbol]                       0x08002b04   Section        0  stm32g0xx_hal_uart.o(.text.HAL_UART_Transmit)
    __arm_cp.10_0                            0x08002c60   Number         4  stm32g0xx_hal_uart.o(.text.HAL_UART_Transmit)
    [Anonymous Symbol]                       0x08002c64   Section        0  stm32g0xx_hal_uart.o(.text.HAL_UART_TxCpltCallback)
    [Anonymous Symbol]                       0x08002c6c   Section        0  stm32g0xx_it.o(.text.HardFault_Handler)
    [Anonymous Symbol]                       0x08002c70   Section        0  frm_protocol.o(.text.HeadCompare)
    __arm_cp.3_0                             0x08002cd8   Number         4  frm_protocol.o(.text.HeadCompare)
    __arm_cp.3_1                             0x08002cdc   Number         4  frm_protocol.o(.text.HeadCompare)
    __arm_cp.3_2                             0x08002ce0   Number         4  frm_protocol.o(.text.HeadCompare)
    LL_RCC_GetAPB1Prescaler                  0x08002ce5   Thumb Code    12  stm32g0xx_hal_rcc.o(.text.LL_RCC_GetAPB1Prescaler)
    [Anonymous Symbol]                       0x08002ce4   Section        0  stm32g0xx_hal_rcc.o(.text.LL_RCC_GetAPB1Prescaler)
    __arm_cp.7_0                             0x08002cf0   Number         4  stm32g0xx_hal_rcc.o(.text.LL_RCC_GetAPB1Prescaler)
    [Anonymous Symbol]                       0x08002cf4   Section        0  frm_protocol.o(.text.ML_API_DeleteAll)
    __arm_cp.24_0                            0x08002d78   Number         4  frm_protocol.o(.text.ML_API_DeleteAll)
    [Anonymous Symbol]                       0x08002d7c   Section        0  frm_protocol.o(.text.ML_API_Enrollment_0x13)
    __arm_cp.33_0                            0x08002f14   Number         4  frm_protocol.o(.text.ML_API_Enrollment_0x13)
    __arm_cp.33_1                            0x08002f18   Number         4  frm_protocol.o(.text.ML_API_Enrollment_0x13)
    __arm_cp.33_2                            0x08002f1c   Number         4  frm_protocol.o(.text.ML_API_Enrollment_0x13)
    __arm_cp.33_4                            0x08002f20   Number         4  frm_protocol.o(.text.ML_API_Enrollment_0x13)
    [Anonymous Symbol]                       0x08002f24   Section        0  frm_protocol.o(.text.ML_API_Match)
    __arm_cp.26_0                            0x08002ff8   Number         4  frm_protocol.o(.text.ML_API_Match)
    __arm_cp.26_1                            0x08002ffc   Number         4  frm_protocol.o(.text.ML_API_Match)
    __arm_cp.26_2                            0x08003000   Number         4  frm_protocol.o(.text.ML_API_Match)
    [Anonymous Symbol]                       0x08003004   Section        0  frm_protocol.o(.text.ML_API_ResetAndStandby)
    __arm_cp.18_0                            0x08003088   Number         4  frm_protocol.o(.text.ML_API_ResetAndStandby)
    __arm_cp.18_1                            0x0800308c   Number         4  frm_protocol.o(.text.ML_API_ResetAndStandby)
    [Anonymous Symbol]                       0x08003090   Section        0  main.o(.text.MSG_Send)
    __arm_cp.0_1                             0x080030b8   Number         4  main.o(.text.MSG_Send)
    MX_GPIO_Init                             0x080030bd   Thumb Code   128  main.o(.text.MX_GPIO_Init)
    [Anonymous Symbol]                       0x080030bc   Section        0  main.o(.text.MX_GPIO_Init)
    __arm_cp.6_0                             0x0800313c   Number         4  main.o(.text.MX_GPIO_Init)
    __arm_cp.6_1                             0x08003140   Number         4  main.o(.text.MX_GPIO_Init)
    MX_USART1_UART_Init                      0x08003145   Thumb Code   128  main.o(.text.MX_USART1_UART_Init)
    [Anonymous Symbol]                       0x08003144   Section        0  main.o(.text.MX_USART1_UART_Init)
    __arm_cp.7_0                             0x080031c4   Number         4  main.o(.text.MX_USART1_UART_Init)
    __arm_cp.7_1                             0x080031c8   Number         4  main.o(.text.MX_USART1_UART_Init)
    MX_USART2_UART_Init                      0x080031cd   Thumb Code   120  main.o(.text.MX_USART2_UART_Init)
    [Anonymous Symbol]                       0x080031cc   Section        0  main.o(.text.MX_USART2_UART_Init)
    __arm_cp.8_0                             0x08003244   Number         4  main.o(.text.MX_USART2_UART_Init)
    __arm_cp.8_1                             0x08003248   Number         4  main.o(.text.MX_USART2_UART_Init)
    [Anonymous Symbol]                       0x0800324c   Section        0  stm32g0xx_it.o(.text.NMI_Handler)
    [Anonymous Symbol]                       0x08003250   Section        0  stm32g0xx_it.o(.text.PendSV_Handler)
    [Anonymous Symbol]                       0x08003254   Section        0  frm_protocol.o(.text.Receive_Interruption)
    __arm_cp.10_0                            0x08003294   Number         4  frm_protocol.o(.text.Receive_Interruption)
    __arm_cp.10_1                            0x08003298   Number         4  frm_protocol.o(.text.Receive_Interruption)
    [Anonymous Symbol]                       0x0800329c   Section        0  stm32g0xx_it.o(.text.SVC_Handler)
    [Anonymous Symbol]                       0x0800329e   Section        0  frm_protocol.o(.text.State_of_DeleteAll)
    [Anonymous Symbol]                       0x080032c0   Section        0  frm_protocol.o(.text.State_of_Enrollment_0x13)
    [Anonymous Symbol]                       0x08003326   Section        0  frm_protocol.o(.text.State_of_Match)
    [Anonymous Symbol]                       0x080033a6   Section        0  frm_protocol.o(.text.State_of_ResetAndStandby)
    SysTick_Config                           0x080033c9   Thumb Code    68  stm32g0xx_hal_cortex.o(.text.SysTick_Config)
    [Anonymous Symbol]                       0x080033c8   Section        0  stm32g0xx_hal_cortex.o(.text.SysTick_Config)
    __arm_cp.9_0                             0x0800340c   Number         4  stm32g0xx_hal_cortex.o(.text.SysTick_Config)
    __arm_cp.9_1                             0x08003410   Number         4  stm32g0xx_hal_cortex.o(.text.SysTick_Config)
    __arm_cp.9_2                             0x08003414   Number         4  stm32g0xx_hal_cortex.o(.text.SysTick_Config)
    [Anonymous Symbol]                       0x08003418   Section        0  stm32g0xx_it.o(.text.SysTick_Handler)
    [Anonymous Symbol]                       0x08003420   Section        0  main.o(.text.SystemClock_Config)
    [Anonymous Symbol]                       0x080034a2   Section        0  system_stm32g0xx.o(.text.SystemInit)
    UARTEx_SetNbDataToProcess                0x080034a5   Thumb Code   140  stm32g0xx_hal_uart_ex.o(.text.UARTEx_SetNbDataToProcess)
    [Anonymous Symbol]                       0x080034a4   Section        0  stm32g0xx_hal_uart_ex.o(.text.UARTEx_SetNbDataToProcess)
    __arm_cp.10_0                            0x08003530   Number         4  stm32g0xx_hal_uart_ex.o(.text.UARTEx_SetNbDataToProcess)
    __arm_cp.10_1                            0x08003534   Number         4  stm32g0xx_hal_uart_ex.o(.text.UARTEx_SetNbDataToProcess)
    [Anonymous Symbol]                       0x08003538   Section        0  stm32g0xx_hal_uart.o(.text.UART_AdvFeatureConfig)
    [Anonymous Symbol]                       0x08003694   Section        0  stm32g0xx_hal_uart.o(.text.UART_CheckIdleState)
    __arm_cp.4_0                             0x0800373c   Number         4  stm32g0xx_hal_uart.o(.text.UART_CheckIdleState)
    [Anonymous Symbol]                       0x08003740   Section        0  frm_protocol.o(.text.UART_Compare)
    __arm_cp.9_0                             0x08003800   Number         4  frm_protocol.o(.text.UART_Compare)
    __arm_cp.9_1                             0x08003804   Number         4  frm_protocol.o(.text.UART_Compare)
    UART_DMAAbortOnError                     0x08003809   Thumb Code    36  stm32g0xx_hal_uart.o(.text.UART_DMAAbortOnError)
    [Anonymous Symbol]                       0x08003808   Section        0  stm32g0xx_hal_uart.o(.text.UART_DMAAbortOnError)
    UART_EndRxTransfer                       0x0800382d   Thumb Code   180  stm32g0xx_hal_uart.o(.text.UART_EndRxTransfer)
    [Anonymous Symbol]                       0x0800382c   Section        0  stm32g0xx_hal_uart.o(.text.UART_EndRxTransfer)
    __arm_cp.30_0                            0x080038e0   Number         4  stm32g0xx_hal_uart.o(.text.UART_EndRxTransfer)
    UART_EndTransmit_IT                      0x080038e5   Thumb Code    76  stm32g0xx_hal_uart.o(.text.UART_EndTransmit_IT)
    [Anonymous Symbol]                       0x080038e4   Section        0  stm32g0xx_hal_uart.o(.text.UART_EndTransmit_IT)
    UART_RxISR_16BIT                         0x08003931   Thumb Code   324  stm32g0xx_hal_uart.o(.text.UART_RxISR_16BIT)
    [Anonymous Symbol]                       0x08003930   Section        0  stm32g0xx_hal_uart.o(.text.UART_RxISR_16BIT)
    UART_RxISR_16BIT_FIFOEN                  0x08003a75   Thumb Code   724  stm32g0xx_hal_uart.o(.text.UART_RxISR_16BIT_FIFOEN)
    [Anonymous Symbol]                       0x08003a74   Section        0  stm32g0xx_hal_uart.o(.text.UART_RxISR_16BIT_FIFOEN)
    __arm_cp.64_0                            0x08003d48   Number         4  stm32g0xx_hal_uart.o(.text.UART_RxISR_16BIT_FIFOEN)
    __arm_cp.64_1                            0x08003d4c   Number         4  stm32g0xx_hal_uart.o(.text.UART_RxISR_16BIT_FIFOEN)
    UART_RxISR_8BIT                          0x08003d51   Thumb Code   320  stm32g0xx_hal_uart.o(.text.UART_RxISR_8BIT)
    [Anonymous Symbol]                       0x08003d50   Section        0  stm32g0xx_hal_uart.o(.text.UART_RxISR_8BIT)
    UART_RxISR_8BIT_FIFOEN                   0x08003e91   Thumb Code   720  stm32g0xx_hal_uart.o(.text.UART_RxISR_8BIT_FIFOEN)
    [Anonymous Symbol]                       0x08003e90   Section        0  stm32g0xx_hal_uart.o(.text.UART_RxISR_8BIT_FIFOEN)
    __arm_cp.65_0                            0x08004160   Number         4  stm32g0xx_hal_uart.o(.text.UART_RxISR_8BIT_FIFOEN)
    __arm_cp.65_1                            0x08004164   Number         4  stm32g0xx_hal_uart.o(.text.UART_RxISR_8BIT_FIFOEN)
    [Anonymous Symbol]                       0x08004168   Section        0  stm32g0xx_hal_uart.o(.text.UART_SetConfig)
    __arm_cp.2_20                            0x080044ec   Number         4  stm32g0xx_hal_uart.o(.text.UART_SetConfig)
    __arm_cp.2_21                            0x080045d4   Number         4  stm32g0xx_hal_uart.o(.text.UART_SetConfig)
    __arm_cp.2_22                            0x08004604   Number         4  stm32g0xx_hal_uart.o(.text.UART_SetConfig)
    __arm_cp.2_24                            0x0800460c   Number         4  stm32g0xx_hal_uart.o(.text.UART_SetConfig)
    __arm_cp.2_25                            0x080046dc   Number         4  stm32g0xx_hal_uart.o(.text.UART_SetConfig)
    __arm_cp.2_26                            0x080046e0   Number         4  stm32g0xx_hal_uart.o(.text.UART_SetConfig)
    __arm_cp.2_27                            0x080046e4   Number         4  stm32g0xx_hal_uart.o(.text.UART_SetConfig)
    __arm_cp.2_28                            0x080046e8   Number         4  stm32g0xx_hal_uart.o(.text.UART_SetConfig)
    __arm_cp.2_0                             0x08004784   Number         4  stm32g0xx_hal_uart.o(.text.UART_SetConfig)
    __arm_cp.2_1                             0x08004788   Number         4  stm32g0xx_hal_uart.o(.text.UART_SetConfig)
    __arm_cp.2_10                            0x0800478c   Number         4  stm32g0xx_hal_uart.o(.text.UART_SetConfig)
    __arm_cp.2_11                            0x08004790   Number         4  stm32g0xx_hal_uart.o(.text.UART_SetConfig)
    __arm_cp.2_12                            0x08004794   Number         4  stm32g0xx_hal_uart.o(.text.UART_SetConfig)
    [Anonymous Symbol]                       0x08004798   Section        0  stm32g0xx_hal_uart.o(.text.UART_Start_Receive_IT)
    __arm_cp.19_0                            0x080049e0   Number         4  stm32g0xx_hal_uart.o(.text.UART_Start_Receive_IT)
    __arm_cp.19_1                            0x080049e4   Number         4  stm32g0xx_hal_uart.o(.text.UART_Start_Receive_IT)
    __arm_cp.19_2                            0x080049e8   Number         4  stm32g0xx_hal_uart.o(.text.UART_Start_Receive_IT)
    __arm_cp.19_3                            0x080049ec   Number         4  stm32g0xx_hal_uart.o(.text.UART_Start_Receive_IT)
    __arm_cp.19_4                            0x080049f0   Number         4  stm32g0xx_hal_uart.o(.text.UART_Start_Receive_IT)
    [Anonymous Symbol]                       0x080049f4   Section        0  stm32g0xx_hal_uart.o(.text.UART_WaitOnFlagUntilTimeout)
    [Anonymous Symbol]                       0x08004b88   Section        0  main.o(.text.USART1_IRQHandler)
    __arm_cp.2_0                             0x08004bb0   Number         4  main.o(.text.USART1_IRQHandler)
    __arm_cp.2_1                             0x08004bb4   Number         4  main.o(.text.USART1_IRQHandler)
    __arm_cp.2_2                             0x08004bb8   Number         4  main.o(.text.USART1_IRQHandler)
    [Anonymous Symbol]                       0x08004bbc   Section        0  frm_protocol.o(.text.VerifyDataCMD)
    [Anonymous Symbol]                       0x08004c08   Section        0  frm_protocol.o(.text.VerifyParity)
    __arm_cp.8_0                             0x08004cb0   Number         4  frm_protocol.o(.text.VerifyParity)
    __arm_cp.8_1                             0x08004cb4   Number         4  frm_protocol.o(.text.VerifyParity)
    __arm_cp.8_2                             0x08004cb8   Number         4  frm_protocol.o(.text.VerifyParity)
    __arm_cp.8_3                             0x08004cbc   Number         4  frm_protocol.o(.text.VerifyParity)
    __arm_cp.8_4                             0x08004cc0   Number         4  frm_protocol.o(.text.VerifyParity)
    __NVIC_EnableIRQ                         0x08004cc5   Thumb Code    40  stm32g0xx_hal_cortex.o(.text.__NVIC_EnableIRQ)
    [Anonymous Symbol]                       0x08004cc4   Section        0  stm32g0xx_hal_cortex.o(.text.__NVIC_EnableIRQ)
    __arm_cp.3_0                             0x08004cec   Number         4  stm32g0xx_hal_cortex.o(.text.__NVIC_EnableIRQ)
    __NVIC_SetPriority                       0x08004cf1   Thumb Code   124  stm32g0xx_hal_cortex.o(.text.__NVIC_SetPriority)
    [Anonymous Symbol]                       0x08004cf0   Section        0  stm32g0xx_hal_cortex.o(.text.__NVIC_SetPriority)
    __arm_cp.1_0                             0x08004d6c   Number         4  stm32g0xx_hal_cortex.o(.text.__NVIC_SetPriority)
    __arm_cp.1_1                             0x08004d70   Number         4  stm32g0xx_hal_cortex.o(.text.__NVIC_SetPriority)
    [Anonymous Symbol]                       0x08004d74   Section        0  main.o(.text.fputc)
    __arm_cp.10_0                            0x08004d94   Number         4  main.o(.text.fputc)
    [Anonymous Symbol]                       0x08004d98   Section        0  main.o(.text.main)
    __arm_cp.4_0                             0x08004fac   Number         4  main.o(.text.main)
    __arm_cp.4_1                             0x08004fb0   Number         4  main.o(.text.main)
    __arm_cp.4_2                             0x08004fb4   Number         4  main.o(.text.main)
    __arm_cp.4_3                             0x08004fb8   Number         4  main.o(.text.main)
    __arm_cp.4_4                             0x08004fbc   Number         4  main.o(.text.main)
    __arm_cp.4_5                             0x08004fc0   Number         4  main.o(.text.main)
    __arm_cp.4_6                             0x08004fc4   Number         4  main.o(.text.main)
    __arm_cp.4_7                             0x08004fc8   Number         4  main.o(.text.main)
    __arm_cp.4_8                             0x08004fcc   Number         4  main.o(.text.main)
    __arm_cp.4_9                             0x08004fd0   Number         4  main.o(.text.main)
    __arm_cp.4_10                            0x08004fd4   Number         4  main.o(.text.main)
    __arm_cp.4_11                            0x08004fd8   Number         4  main.o(.text.main)
    __arm_cp.4_12                            0x08004fdc   Number         4  main.o(.text.main)
    __arm_cp.4_13                            0x08004fe0   Number         4  main.o(.text.main)
    __arm_cp.4_14                            0x08004fe4   Number         4  main.o(.text.main)
    __arm_cp.4_15                            0x08004fe8   Number         4  main.o(.text.main)
    __arm_cp.4_16                            0x08004fec   Number         4  main.o(.text.main)
    i.__0printf                              0x08004ff0   Section        0  printfa.o(i.__0printf)
    i.__ARM_clz                              0x08005010   Section        0  depilogue.o(i.__ARM_clz)
    i.__scatterload_copy                     0x0800503e   Section       14  handlers.o(i.__scatterload_copy)
    i.__scatterload_null                     0x0800504c   Section        2  handlers.o(i.__scatterload_null)
    i.__scatterload_zeroinit                 0x0800504e   Section       14  handlers.o(i.__scatterload_zeroinit)
    _fp_digits                               0x0800505d   Thumb Code   344  printfa.o(i._fp_digits)
    i._fp_digits                             0x0800505c   Section        0  printfa.o(i._fp_digits)
    _printf_core                             0x080051d1   Thumb Code  1754  printfa.o(i._printf_core)
    i._printf_core                           0x080051d0   Section        0  printfa.o(i._printf_core)
    _printf_post_padding                     0x080058bd   Thumb Code    32  printfa.o(i._printf_post_padding)
    i._printf_post_padding                   0x080058bc   Section        0  printfa.o(i._printf_post_padding)
    _printf_pre_padding                      0x080058dd   Thumb Code    44  printfa.o(i._printf_pre_padding)
    i._printf_pre_padding                    0x080058dc   Section        0  printfa.o(i._printf_pre_padding)
    [Anonymous Symbol]                       0x08005908   Section        0  frm_protocol.o(.rodata..L__const.ML_API_Enrollment_0x13.pEnrollCmd)
    [Anonymous Symbol]                       0x08005934   Section        0  main.o(.rodata..L__const.main.str_dir)
    UARTEx_SetNbDataToProcess.denominator    0x080059a8   Data           8  stm32g0xx_hal_uart_ex.o(.rodata.UARTEx_SetNbDataToProcess.denominator)
    [Anonymous Symbol]                       0x080059a8   Section        0  stm32g0xx_hal_uart_ex.o(.rodata.UARTEx_SetNbDataToProcess.denominator)
    UARTEx_SetNbDataToProcess.numerator      0x080059b0   Data           8  stm32g0xx_hal_uart_ex.o(.rodata.UARTEx_SetNbDataToProcess.numerator)
    [Anonymous Symbol]                       0x080059b0   Section        0  stm32g0xx_hal_uart_ex.o(.rodata.UARTEx_SetNbDataToProcess.numerator)
    [Anonymous Symbol]                       0x080059d0   Section        0  main.o(.rodata.cst32)
    [Anonymous Symbol]                       0x080059f0   Section        0  main.o(.rodata.str1.1)
    [Anonymous Symbol]                       0x08005aa1   Section        0  frm_protocol.o(.rodata.str1.1)
    .data                                    0x20000000   Section        4  stdout.o(.data)
    DataStorage.index_2                      0x20000010   Data           4  frm_protocol.o(.bss.DataStorage.index_2)
    [Anonymous Symbol]                       0x20000010   Section        0  frm_protocol.o(.bss.DataStorage.index_2)
    GetDataLength.index_3                    0x20000014   Data           4  frm_protocol.o(.bss.GetDataLength.index_3)
    [Anonymous Symbol]                       0x20000014   Section        0  frm_protocol.o(.bss.GetDataLength.index_3)
    HeadCompare.index                        0x20000018   Data           4  frm_protocol.o(.bss.HeadCompare.index)
    [Anonymous Symbol]                       0x20000018   Section        0  frm_protocol.o(.bss.HeadCompare.index)
    IT_Button                                0x2000001c   Data           1  main.o(.bss.IT_Button)
    [Anonymous Symbol]                       0x2000001c   Section        0  main.o(.bss.IT_Button)
    IT_Button                                0x2000001d   Data           1  frm_protocol.o(.bss.IT_Button)
    [Anonymous Symbol]                       0x2000001d   Section        0  frm_protocol.o(.bss.IT_Button)
    function                                 0x20000025   Data          69  main.o(.bss.function)
    [Anonymous Symbol]                       0x20000025   Section        0  main.o(.bss.function)
    ring_buff_index                          0x20000208   Data           4  frm_protocol.o(.bss.ring_buff_index)
    [Anonymous Symbol]                       0x20000208   Section        0  frm_protocol.o(.bss.ring_buff_index)
    times                                    0x20000210   Data           4  main.o(.bss.times)
    [Anonymous Symbol]                       0x20000210   Section        0  main.o(.bss.times)
    STACK                                    0x20000240   Section     1024  startup_stm32g0b1xx.o(STACK)

    Global Symbols

    Symbol Name                              Value     Ov Type        Size  Object(Section)

    BuildAttributes$$THM_ISAv3M$S$PE$A:L22$X:L11$S22$IEEE1$IW$~IW$USESV6$~STKCKD$USESV7$~SHL$OSPACE$ROPI$EBA8$MICROLIB$REQ8$PRES8$EABIv2 0x00000000   Number         0  anon$$obj.o ABSOLUTE
    __cpp_initialize__aeabi_                  - Undefined Weak Reference
    __cxa_finalize                            - Undefined Weak Reference
    __decompress                              - Undefined Weak Reference
    _clock_init                               - Undefined Weak Reference
    _microlib_exit                            - Undefined Weak Reference
    __Vectors_Size                           0x000000bc   Number         0  startup_stm32g0b1xx.o ABSOLUTE
    __Vectors                                0x08000000   Data           4  startup_stm32g0b1xx.o(RESET)
    __Vectors_End                            0x080000bc   Data           0  startup_stm32g0b1xx.o(RESET)
    __main                                   0x080000bd   Thumb Code     0  entry.o(.ARM.Collect$$$$00000000)
    _main_stk                                0x080000bd   Thumb Code     0  entry2.o(.ARM.Collect$$$$00000001)
    _main_scatterload                        0x080000c1   Thumb Code     0  entry5.o(.ARM.Collect$$$$00000004)
    __main_after_scatterload                 0x080000c5   Thumb Code     0  entry5.o(.ARM.Collect$$$$00000004)
    _main_clock                              0x080000c5   Thumb Code     0  entry7b.o(.ARM.Collect$$$$00000008)
    _main_cpp_init                           0x080000c5   Thumb Code     0  entry8b.o(.ARM.Collect$$$$0000000A)
    _main_init                               0x080000c5   Thumb Code     0  entry9a.o(.ARM.Collect$$$$0000000B)
    __rt_final_cpp                           0x080000cd   Thumb Code     0  entry10a.o(.ARM.Collect$$$$0000000D)
    __rt_final_exit                          0x080000cd   Thumb Code     0  entry11a.o(.ARM.Collect$$$$0000000F)
    Reset_Handler                            0x080000d1   Thumb Code     8  startup_stm32g0b1xx.o(.text)
    ADC1_COMP_IRQHandler                     0x080000e3   Thumb Code     0  startup_stm32g0b1xx.o(.text)
    CEC_IRQHandler                           0x080000e3   Thumb Code     0  startup_stm32g0b1xx.o(.text)
    DMA1_Ch4_7_DMA2_Ch1_5_DMAMUX1_OVR_IRQHandler 0x080000e3   Thumb Code     0  startup_stm32g0b1xx.o(.text)
    DMA1_Channel1_IRQHandler                 0x080000e3   Thumb Code     0  startup_stm32g0b1xx.o(.text)
    DMA1_Channel2_3_IRQHandler               0x080000e3   Thumb Code     0  startup_stm32g0b1xx.o(.text)
    EXTI0_1_IRQHandler                       0x080000e3   Thumb Code     0  startup_stm32g0b1xx.o(.text)
    EXTI4_15_IRQHandler                      0x080000e3   Thumb Code     0  startup_stm32g0b1xx.o(.text)
    FLASH_IRQHandler                         0x080000e3   Thumb Code     0  startup_stm32g0b1xx.o(.text)
    I2C1_IRQHandler                          0x080000e3   Thumb Code     0  startup_stm32g0b1xx.o(.text)
    I2C2_3_IRQHandler                        0x080000e3   Thumb Code     0  startup_stm32g0b1xx.o(.text)
    PVD_VDDIO2_IRQHandler                    0x080000e3   Thumb Code     0  startup_stm32g0b1xx.o(.text)
    RCC_CRS_IRQHandler                       0x080000e3   Thumb Code     0  startup_stm32g0b1xx.o(.text)
    RTC_TAMP_IRQHandler                      0x080000e3   Thumb Code     0  startup_stm32g0b1xx.o(.text)
    SPI1_IRQHandler                          0x080000e3   Thumb Code     0  startup_stm32g0b1xx.o(.text)
    SPI2_3_IRQHandler                        0x080000e3   Thumb Code     0  startup_stm32g0b1xx.o(.text)
    TIM14_IRQHandler                         0x080000e3   Thumb Code     0  startup_stm32g0b1xx.o(.text)
    TIM15_IRQHandler                         0x080000e3   Thumb Code     0  startup_stm32g0b1xx.o(.text)
    TIM16_FDCAN_IT0_IRQHandler               0x080000e3   Thumb Code     0  startup_stm32g0b1xx.o(.text)
    TIM17_FDCAN_IT1_IRQHandler               0x080000e3   Thumb Code     0  startup_stm32g0b1xx.o(.text)
    TIM1_BRK_UP_TRG_COM_IRQHandler           0x080000e3   Thumb Code     0  startup_stm32g0b1xx.o(.text)
    TIM1_CC_IRQHandler                       0x080000e3   Thumb Code     0  startup_stm32g0b1xx.o(.text)
    TIM2_IRQHandler                          0x080000e3   Thumb Code     0  startup_stm32g0b1xx.o(.text)
    TIM3_TIM4_IRQHandler                     0x080000e3   Thumb Code     0  startup_stm32g0b1xx.o(.text)
    TIM6_DAC_LPTIM1_IRQHandler               0x080000e3   Thumb Code     0  startup_stm32g0b1xx.o(.text)
    TIM7_LPTIM2_IRQHandler                   0x080000e3   Thumb Code     0  startup_stm32g0b1xx.o(.text)
    USART2_LPUART2_IRQHandler                0x080000e3   Thumb Code     0  startup_stm32g0b1xx.o(.text)
    USART3_4_5_6_LPUART1_IRQHandler          0x080000e3   Thumb Code     0  startup_stm32g0b1xx.o(.text)
    USB_UCPD1_2_IRQHandler                   0x080000e3   Thumb Code     0  startup_stm32g0b1xx.o(.text)
    WWDG_IRQHandler                          0x080000e3   Thumb Code     0  startup_stm32g0b1xx.o(.text)
    __aeabi_uldivmod                         0x080000ed   Thumb Code    96  uldiv.o(.text)
    __aeabi_memcpy                           0x0800014d   Thumb Code    36  memcpya.o(.text)
    __aeabi_memcpy4                          0x0800014d   Thumb Code     0  memcpya.o(.text)
    __aeabi_memcpy8                          0x0800014d   Thumb Code     0  memcpya.o(.text)
    __aeabi_memset                           0x08000171   Thumb Code    14  memseta.o(.text)
    __aeabi_memset4                          0x08000171   Thumb Code     0  memseta.o(.text)
    __aeabi_memset8                          0x08000171   Thumb Code     0  memseta.o(.text)
    __aeabi_memclr                           0x0800017f   Thumb Code     4  memseta.o(.text)
    __aeabi_memclr4                          0x0800017f   Thumb Code     0  memseta.o(.text)
    __aeabi_memclr8                          0x0800017f   Thumb Code     0  memseta.o(.text)
    _memset$wrapper                          0x08000183   Thumb Code    18  memseta.o(.text)
    __aeabi_uidiv                            0x08000195   Thumb Code     0  uidiv_div0.o(.text)
    __aeabi_uidivmod                         0x08000195   Thumb Code    62  uidiv_div0.o(.text)
    __aeabi_idiv                             0x080001d5   Thumb Code     0  idiv_div0.o(.text)
    __aeabi_idivmod$div0                     0x080001d5   Thumb Code    74  idiv_div0.o(.text)
    __aeabi_llsl                             0x08000225   Thumb Code    32  llshl.o(.text)
    _ll_shift_l                              0x08000225   Thumb Code     0  llshl.o(.text)
    __aeabi_llsr                             0x08000245   Thumb Code    34  llushr.o(.text)
    _ll_ushift_r                             0x08000245   Thumb Code     0  llushr.o(.text)
    __I$use$fp                               0x08000267   Thumb Code     0  iusefp.o(.text)
    __aeabi_dadd                             0x08000269   Thumb Code   328  dadd.o(.text)
    __aeabi_dsub                             0x080003b1   Thumb Code    12  dadd.o(.text)
    __aeabi_drsub                            0x080003bd   Thumb Code    12  dadd.o(.text)
    __aeabi_dmul                             0x080003cd   Thumb Code   202  dmul.o(.text)
    __aeabi_ddiv                             0x0800049d   Thumb Code   234  ddiv.o(.text)
    __aeabi_d2ulz                            0x0800058d   Thumb Code    54  dfixul.o(.text)
    __aeabi_cdrcmple                         0x080005cd   Thumb Code    38  cdrcmple.o(.text)
    __scatterload                            0x080005f5   Thumb Code    28  init.o(.text)
    __scatterload_rt2                        0x080005f5   Thumb Code     0  init.o(.text)
    __aeabi_lasr                             0x08000619   Thumb Code    38  llsshr.o(.text)
    _ll_sshift_r                             0x08000619   Thumb Code     0  llsshr.o(.text)
    _double_round                            0x0800063f   Thumb Code    26  depilogue.o(.text)
    _double_epilogue                         0x08000659   Thumb Code   164  depilogue.o(.text)
    DataStorage                              0x080006fd   Thumb Code   132  frm_protocol.o(.text.DataStorage)
    Delay_ms                                 0x08000785   Thumb Code    76  frm_protocol.o(.text.Delay_ms)
    Delay_us                                 0x080007d1   Thumb Code   108  frm_protocol.o(.text.Delay_us)
    EXTI2_3_IRQHandler                       0x08000841   Thumb Code    76  main.o(.text.EXTI2_3_IRQHandler)
    Error_Handler                            0x08000899   Thumb Code    14  main.o(.text.Error_Handler)
    GetDataLength                            0x080008a9   Thumb Code   136  frm_protocol.o(.text.GetDataLength)
    GetModuleState                           0x08000939   Thumb Code    56  frm_protocol.o(.text.GetModuleState)
    GetParityCheck                           0x08000975   Thumb Code    62  frm_protocol.o(.text.GetParityCheck)
    HAL_DMA_Abort                            0x080009b3   Thumb Code   188  stm32g0xx_hal_dma.o(.text.HAL_DMA_Abort)
    HAL_DMA_Abort_IT                         0x08000a6f   Thumb Code   178  stm32g0xx_hal_dma.o(.text.HAL_DMA_Abort_IT)
    HAL_GPIO_EXTI_Falling_Callback           0x08000b21   Thumb Code    10  stm32g0xx_hal_gpio.o(.text.HAL_GPIO_EXTI_Falling_Callback)
    HAL_GPIO_EXTI_IRQHandler                 0x08000b2d   Thumb Code    72  stm32g0xx_hal_gpio.o(.text.HAL_GPIO_EXTI_IRQHandler)
    HAL_GPIO_EXTI_Rising_Callback            0x08000b7d   Thumb Code    10  stm32g0xx_hal_gpio.o(.text.HAL_GPIO_EXTI_Rising_Callback)
    HAL_GPIO_Init                            0x08000b89   Thumb Code   708  stm32g0xx_hal_gpio.o(.text.HAL_GPIO_Init)
    HAL_GPIO_ReadPin                         0x08000e71   Thumb Code    50  stm32g0xx_hal_gpio.o(.text.HAL_GPIO_ReadPin)
    HAL_GetTick                              0x08000ea5   Thumb Code     8  stm32g0xx_hal.o(.text.HAL_GetTick)
    HAL_IncTick                              0x08000ead   Thumb Code    16  stm32g0xx_hal.o(.text.HAL_IncTick)
    HAL_Init                                 0x08000ec1   Thumb Code    56  stm32g0xx_hal.o(.text.HAL_Init)
    HAL_InitTick                             0x08000efd   Thumb Code   120  stm32g0xx_hal.o(.text.HAL_InitTick)
    HAL_MspInit                              0x08000f7d   Thumb Code    64  stm32g0xx_hal_msp.o(.text.HAL_MspInit)
    HAL_NVIC_EnableIRQ                       0x08000fc5   Thumb Code    22  stm32g0xx_hal_cortex.o(.text.HAL_NVIC_EnableIRQ)
    HAL_NVIC_SetPriority                     0x08000fdb   Thumb Code    28  stm32g0xx_hal_cortex.o(.text.HAL_NVIC_SetPriority)
    HAL_PWREx_ControlVoltageScaling          0x08000ff9   Thumb Code   112  stm32g0xx_hal_pwr_ex.o(.text.HAL_PWREx_ControlVoltageScaling)
    HAL_PWREx_DisableLowPowerRunMode         0x08001069   Thumb Code    92  stm32g0xx_hal_pwr_ex.o(.text.HAL_PWREx_DisableLowPowerRunMode)
    HAL_PWREx_EnableLowPowerRunMode          0x080010cd   Thumb Code    16  stm32g0xx_hal_pwr_ex.o(.text.HAL_PWREx_EnableLowPowerRunMode)
    HAL_PWR_EnterSLEEPMode                   0x080010e1   Thumb Code   104  stm32g0xx_hal_pwr.o(.text.HAL_PWR_EnterSLEEPMode)
    HAL_RCCEx_PeriphCLKConfig                0x08001151   Thumb Code  1068  stm32g0xx_hal_rcc_ex.o(.text.HAL_RCCEx_PeriphCLKConfig)
    HAL_RCC_ClockConfig                      0x08001599   Thumb Code   572  stm32g0xx_hal_rcc.o(.text.HAL_RCC_ClockConfig)
    HAL_RCC_GetHCLKFreq                      0x080017ed   Thumb Code     8  stm32g0xx_hal_rcc.o(.text.HAL_RCC_GetHCLKFreq)
    HAL_RCC_GetPCLK1Freq                     0x080017f9   Thumb Code    36  stm32g0xx_hal_rcc.o(.text.HAL_RCC_GetPCLK1Freq)
    HAL_RCC_GetSysClockFreq                  0x08001821   Thumb Code   268  stm32g0xx_hal_rcc.o(.text.HAL_RCC_GetSysClockFreq)
    HAL_RCC_OscConfig                        0x08001941   Thumb Code  1820  stm32g0xx_hal_rcc.o(.text.HAL_RCC_OscConfig)
    HAL_ResumeTick                           0x08002081   Thumb Code    12  stm32g0xx_hal.o(.text.HAL_ResumeTick)
    HAL_SYSCFG_StrobeDBattpinsConfig         0x0800208d   Thumb Code    24  stm32g0xx_hal.o(.text.HAL_SYSCFG_StrobeDBattpinsConfig)
    HAL_SYSTICK_Config                       0x080020a9   Thumb Code    16  stm32g0xx_hal_cortex.o(.text.HAL_SYSTICK_Config)
    HAL_SuspendTick                          0x080020b9   Thumb Code    12  stm32g0xx_hal.o(.text.HAL_SuspendTick)
    HAL_UARTEx_DisableFifoMode               0x080020c9   Thumb Code   122  stm32g0xx_hal_uart_ex.o(.text.HAL_UARTEx_DisableFifoMode)
    HAL_UARTEx_RxEventCallback               0x08002143   Thumb Code    12  stm32g0xx_hal_uart.o(.text.HAL_UARTEx_RxEventCallback)
    HAL_UARTEx_RxFifoFullCallback            0x0800214f   Thumb Code     8  stm32g0xx_hal_uart_ex.o(.text.HAL_UARTEx_RxFifoFullCallback)
    HAL_UARTEx_SetRxFifoThreshold            0x08002157   Thumb Code   144  stm32g0xx_hal_uart_ex.o(.text.HAL_UARTEx_SetRxFifoThreshold)
    HAL_UARTEx_SetTxFifoThreshold            0x080021e7   Thumb Code   144  stm32g0xx_hal_uart_ex.o(.text.HAL_UARTEx_SetTxFifoThreshold)
    HAL_UARTEx_TxFifoEmptyCallback           0x08002277   Thumb Code     8  stm32g0xx_hal_uart_ex.o(.text.HAL_UARTEx_TxFifoEmptyCallback)
    HAL_UARTEx_WakeupCallback                0x0800227f   Thumb Code     8  stm32g0xx_hal_uart_ex.o(.text.HAL_UARTEx_WakeupCallback)
    HAL_UART_ErrorCallback                   0x08002287   Thumb Code     8  main.o(.text.HAL_UART_ErrorCallback)
    HAL_UART_IRQHandler                      0x08002291   Thumb Code  1412  stm32g0xx_hal_uart.o(.text.HAL_UART_IRQHandler)
    HAL_UART_Init                            0x0800281d   Thumb Code   180  stm32g0xx_hal_uart.o(.text.HAL_UART_Init)
    HAL_UART_MspInit                         0x080028d1   Thumb Code   300  stm32g0xx_hal_msp.o(.text.HAL_UART_MspInit)
    HAL_UART_Receive_IT                      0x08002a15   Thumb Code   224  stm32g0xx_hal_uart.o(.text.HAL_UART_Receive_IT)
    HAL_UART_RxCpltCallback                  0x08002afd   Thumb Code     8  stm32g0xx_hal_uart.o(.text.HAL_UART_RxCpltCallback)
    HAL_UART_Transmit                        0x08002b05   Thumb Code   348  stm32g0xx_hal_uart.o(.text.HAL_UART_Transmit)
    HAL_UART_TxCpltCallback                  0x08002c65   Thumb Code     8  stm32g0xx_hal_uart.o(.text.HAL_UART_TxCpltCallback)
    HardFault_Handler                        0x08002c6d   Thumb Code     4  stm32g0xx_it.o(.text.HardFault_Handler)
    HeadCompare                              0x08002c71   Thumb Code   104  frm_protocol.o(.text.HeadCompare)
    ML_API_DeleteAll                         0x08002cf5   Thumb Code   132  frm_protocol.o(.text.ML_API_DeleteAll)
    ML_API_Enrollment_0x13                   0x08002d7d   Thumb Code   408  frm_protocol.o(.text.ML_API_Enrollment_0x13)
    ML_API_Match                             0x08002f25   Thumb Code   212  frm_protocol.o(.text.ML_API_Match)
    ML_API_ResetAndStandby                   0x08003005   Thumb Code   132  frm_protocol.o(.text.ML_API_ResetAndStandby)
    MSG_Send                                 0x08003091   Thumb Code    40  main.o(.text.MSG_Send)
    NMI_Handler                              0x0800324d   Thumb Code     4  stm32g0xx_it.o(.text.NMI_Handler)
    PendSV_Handler                           0x08003251   Thumb Code     2  stm32g0xx_it.o(.text.PendSV_Handler)
    Receive_Interruption                     0x08003255   Thumb Code    64  frm_protocol.o(.text.Receive_Interruption)
    SVC_Handler                              0x0800329d   Thumb Code     2  stm32g0xx_it.o(.text.SVC_Handler)
    State_of_DeleteAll                       0x0800329f   Thumb Code    34  frm_protocol.o(.text.State_of_DeleteAll)
    State_of_Enrollment_0x13                 0x080032c1   Thumb Code   102  frm_protocol.o(.text.State_of_Enrollment_0x13)
    State_of_Match                           0x08003327   Thumb Code   128  frm_protocol.o(.text.State_of_Match)
    State_of_ResetAndStandby                 0x080033a7   Thumb Code    34  frm_protocol.o(.text.State_of_ResetAndStandby)
    SysTick_Handler                          0x08003419   Thumb Code     8  stm32g0xx_it.o(.text.SysTick_Handler)
    SystemClock_Config                       0x08003421   Thumb Code   130  main.o(.text.SystemClock_Config)
    SystemInit                               0x080034a3   Thumb Code     2  system_stm32g0xx.o(.text.SystemInit)
    UART_AdvFeatureConfig                    0x08003539   Thumb Code   346  stm32g0xx_hal_uart.o(.text.UART_AdvFeatureConfig)
    UART_CheckIdleState                      0x08003695   Thumb Code   168  stm32g0xx_hal_uart.o(.text.UART_CheckIdleState)
    UART_Compare                             0x08003741   Thumb Code   192  frm_protocol.o(.text.UART_Compare)
    UART_SetConfig                           0x08004169   Thumb Code  1564  stm32g0xx_hal_uart.o(.text.UART_SetConfig)
    UART_Start_Receive_IT                    0x08004799   Thumb Code   584  stm32g0xx_hal_uart.o(.text.UART_Start_Receive_IT)
    UART_WaitOnFlagUntilTimeout              0x080049f5   Thumb Code   402  stm32g0xx_hal_uart.o(.text.UART_WaitOnFlagUntilTimeout)
    USART1_IRQHandler                        0x08004b89   Thumb Code    40  main.o(.text.USART1_IRQHandler)
    VerifyDataCMD                            0x08004bbd   Thumb Code    76  frm_protocol.o(.text.VerifyDataCMD)
    VerifyParity                             0x08004c09   Thumb Code   168  frm_protocol.o(.text.VerifyParity)
    fputc                                    0x08004d75   Thumb Code    32  main.o(.text.fputc)
    main                                     0x08004d99   Thumb Code   532  main.o(.text.main)
    __0printf                                0x08004ff1   Thumb Code    24  printfa.o(i.__0printf)
    __1printf                                0x08004ff1   Thumb Code     0  printfa.o(i.__0printf)
    __2printf                                0x08004ff1   Thumb Code     0  printfa.o(i.__0printf)
    __c89printf                              0x08004ff1   Thumb Code     0  printfa.o(i.__0printf)
    printf                                   0x08004ff1   Thumb Code     0  printfa.o(i.__0printf)
    __ARM_clz                                0x08005011   Thumb Code    46  depilogue.o(i.__ARM_clz)
    __scatterload_copy                       0x0800503f   Thumb Code    14  handlers.o(i.__scatterload_copy)
    __scatterload_null                       0x0800504d   Thumb Code     2  handlers.o(i.__scatterload_null)
    __scatterload_zeroinit                   0x0800504f   Thumb Code    14  handlers.o(i.__scatterload_zeroinit)
    AHBPrescTable                            0x08005948   Data          64  system_stm32g0xx.o(.rodata.AHBPrescTable)
    APBPrescTable                            0x08005988   Data          32  system_stm32g0xx.o(.rodata.APBPrescTable)
    UARTPrescTable                           0x080059b8   Data          24  stm32g0xx_hal_uart.o(.rodata.UARTPrescTable)
    Region$$Table$$Base                      0x08005acc   Number         0  anon$$obj.o(Region$$Table)
    Region$$Table$$Limit                     0x08005aec   Number         0  anon$$obj.o(Region$$Table)
    __stdout                                 0x20000000   Data           4  stdout.o(.data)
    SystemCoreClock                          0x20000004   Data           4  system_stm32g0xx.o(.data.SystemCoreClock)
    head_bytes                               0x20000008   Data           2  frm_protocol.o(.data.head_bytes)
    uwTickFreq                               0x2000000a   Data           1  stm32g0xx_hal.o(.data.uwTickFreq)
    uwTickPrio                               0x2000000c   Data           4  stm32g0xx_hal.o(.data.uwTickPrio)
    current_step                             0x20000020   Data           4  frm_protocol.o(.bss.current_step)
    data_recieve_finished                    0x20000024   Data           1  frm_protocol.o(.bss.data_recieve_finished)
    g_fUART1_Byte                            0x2000006a   Data           1  main.o(.bss.g_fUART1_Byte)
    huart1                                   0x2000006c   Data         148  main.o(.bss.huart1)
    huart2                                   0x20000100   Data         148  main.o(.bss.huart2)
    length                                   0x20000194   Data           4  frm_protocol.o(.bss.length)
    p_function_1                             0x20000198   Data           4  main.o(.bss.p_function_1)
    p_function_2                             0x2000019c   Data           4  main.o(.bss.p_function_2)
    p_function_3                             0x200001a0   Data           4  main.o(.bss.p_function_3)
    ring_buff                                0x200001a4   Data         100  frm_protocol.o(.bss.ring_buff)
    state                                    0x2000020c   Data           4  frm_protocol.o(.bss.state)
    user                                     0x20000214   Data          40  main.o(.bss.user)
    uwTick                                   0x2000023c   Data           4  stm32g0xx_hal.o(.bss.uwTick)
    __initial_sp                             0x20000640   Data           0  startup_stm32g0b1xx.o(STACK)



==============================================================================

Memory Map of the image

  Image Entry point : 0x080000bd

  Load Region LR_IROM1 (Base: 0x08000000, Size: 0x00005b00, Max: 0x00080000, ABSOLUTE)

    Execution Region ER_IROM1 (Exec base: 0x08000000, Load base: 0x08000000, Size: 0x00005aec, Max: 0x00080000, ABSOLUTE)

    Exec Addr    Load Addr    Size         Type   Attr      Idx    E Section Name        Object

    0x08000000   0x08000000   0x000000bc   Data   RO            3    RESET               startup_stm32g0b1xx.o
    0x080000bc   0x080000bc   0x00000000   Code   RO          915  * .ARM.Collect$$$$00000000  mc_p.l(entry.o)
    0x080000bc   0x080000bc   0x00000004   Code   RO          960    .ARM.Collect$$$$00000001  mc_p.l(entry2.o)
    0x080000c0   0x080000c0   0x00000004   Code   RO          963    .ARM.Collect$$$$00000004  mc_p.l(entry5.o)
    0x080000c4   0x080000c4   0x00000000   Code   RO          965    .ARM.Collect$$$$00000008  mc_p.l(entry7b.o)
    0x080000c4   0x080000c4   0x00000000   Code   RO          967    .ARM.Collect$$$$0000000A  mc_p.l(entry8b.o)
    0x080000c4   0x080000c4   0x00000008   Code   RO          968    .ARM.Collect$$$$0000000B  mc_p.l(entry9a.o)
    0x080000cc   0x080000cc   0x00000000   Code   RO          970    .ARM.Collect$$$$0000000D  mc_p.l(entry10a.o)
    0x080000cc   0x080000cc   0x00000000   Code   RO          972    .ARM.Collect$$$$0000000F  mc_p.l(entry11a.o)
    0x080000cc   0x080000cc   0x00000004   Code   RO          961    .ARM.Collect$$$$00002712  mc_p.l(entry2.o)
    0x080000d0   0x080000d0   0x0000001c   Code   RO            4    .text               startup_stm32g0b1xx.o
    0x080000ec   0x080000ec   0x00000060   Code   RO          924    .text               mc_p.l(uldiv.o)
    0x0800014c   0x0800014c   0x00000024   Code   RO          926    .text               mc_p.l(memcpya.o)
    0x08000170   0x08000170   0x00000024   Code   RO          928    .text               mc_p.l(memseta.o)
    0x08000194   0x08000194   0x0000003e   Code   RO          977    .text               mc_p.l(uidiv_div0.o)
    0x080001d2   0x080001d2   0x00000002   PAD
    0x080001d4   0x080001d4   0x00000050   Code   RO          979    .text               mc_p.l(idiv_div0.o)
    0x08000224   0x08000224   0x00000020   Code   RO          983    .text               mc_p.l(llshl.o)
    0x08000244   0x08000244   0x00000022   Code   RO          985    .text               mc_p.l(llushr.o)
    0x08000266   0x08000266   0x00000000   Code   RO          987    .text               mc_p.l(iusefp.o)
    0x08000266   0x08000266   0x00000002   PAD
    0x08000268   0x08000268   0x00000164   Code   RO          988    .text               mf_p.l(dadd.o)
    0x080003cc   0x080003cc   0x000000d0   Code   RO          990    .text               mf_p.l(dmul.o)
    0x0800049c   0x0800049c   0x000000f0   Code   RO          992    .text               mf_p.l(ddiv.o)
    0x0800058c   0x0800058c   0x00000040   Code   RO          994    .text               mf_p.l(dfixul.o)
    0x080005cc   0x080005cc   0x00000028   Code   RO          996    .text               mf_p.l(cdrcmple.o)
    0x080005f4   0x080005f4   0x00000024   Code   RO          998    .text               mc_p.l(init.o)
    0x08000618   0x08000618   0x00000026   Code   RO         1000    .text               mc_p.l(llsshr.o)
    0x0800063e   0x0800063e   0x000000be   Code   RO         1002    .text               mf_p.l(depilogue.o)
    0x080006fc   0x080006fc   0x00000088   Code   RO          828    .text.DataStorage   frm_protocol.o
    0x08000784   0x08000784   0x0000004c   Code   RO          816    .text.Delay_ms      frm_protocol.o
    0x080007d0   0x080007d0   0x00000070   Code   RO          814    .text.Delay_us      frm_protocol.o
    0x08000840   0x08000840   0x00000058   Code   RO           17    .text.EXTI2_3_IRQHandler  main.o
    0x08000898   0x08000898   0x0000000e   Code   RO           29    .text.Error_Handler  main.o
    0x080008a6   0x080008a6   0x00000002   PAD
    0x080008a8   0x080008a8   0x00000090   Code   RO          822    .text.GetDataLength  frm_protocol.o
    0x08000938   0x08000938   0x0000003c   Code   RO          826    .text.GetModuleState  frm_protocol.o
    0x08000974   0x08000974   0x0000003e   Code   RO          818    .text.GetParityCheck  frm_protocol.o
    0x080009b2   0x080009b2   0x000000bc   Code   RO          300    .text.HAL_DMA_Abort  stm32g0xx_hal_dma.o
    0x08000a6e   0x08000a6e   0x000000b2   Code   RO          302    .text.HAL_DMA_Abort_IT  stm32g0xx_hal_dma.o
    0x08000b20   0x08000b20   0x0000000a   Code   RO          277    .text.HAL_GPIO_EXTI_Falling_Callback  stm32g0xx_hal_gpio.o
    0x08000b2a   0x08000b2a   0x00000002   PAD
    0x08000b2c   0x08000b2c   0x00000050   Code   RO          273    .text.HAL_GPIO_EXTI_IRQHandler  stm32g0xx_hal_gpio.o
    0x08000b7c   0x08000b7c   0x0000000a   Code   RO          275    .text.HAL_GPIO_EXTI_Rising_Callback  stm32g0xx_hal_gpio.o
    0x08000b86   0x08000b86   0x00000002   PAD
    0x08000b88   0x08000b88   0x000002e8   Code   RO          261    .text.HAL_GPIO_Init  stm32g0xx_hal_gpio.o
    0x08000e70   0x08000e70   0x00000032   Code   RO          265    .text.HAL_GPIO_ReadPin  stm32g0xx_hal_gpio.o
    0x08000ea2   0x08000ea2   0x00000002   PAD
    0x08000ea4   0x08000ea4   0x00000008   Code   RO          514    .text.HAL_GetTick   stm32g0xx_hal.o
    0x08000eac   0x08000eac   0x00000014   Code   RO          512    .text.HAL_IncTick   stm32g0xx_hal.o
    0x08000ec0   0x08000ec0   0x0000003c   Code   RO          502    .text.HAL_Init      stm32g0xx_hal.o
    0x08000efc   0x08000efc   0x00000080   Code   RO          504    .text.HAL_InitTick  stm32g0xx_hal.o
    0x08000f7c   0x08000f7c   0x00000048   Code   RO           72    .text.HAL_MspInit   stm32g0xx_hal_msp.o
    0x08000fc4   0x08000fc4   0x00000016   Code   RO          451    .text.HAL_NVIC_EnableIRQ  stm32g0xx_hal_cortex.o
    0x08000fda   0x08000fda   0x0000001c   Code   RO          447    .text.HAL_NVIC_SetPriority  stm32g0xx_hal_cortex.o
    0x08000ff6   0x08000ff6   0x00000002   PAD
    0x08000ff8   0x08000ff8   0x00000070   Code   RO          426    .text.HAL_PWREx_ControlVoltageScaling  stm32g0xx_hal_pwr_ex.o
    0x08001068   0x08001068   0x00000064   Code   RO          430    .text.HAL_PWREx_DisableLowPowerRunMode  stm32g0xx_hal_pwr_ex.o
    0x080010cc   0x080010cc   0x00000014   Code   RO          428    .text.HAL_PWREx_EnableLowPowerRunMode  stm32g0xx_hal_pwr_ex.o
    0x080010e0   0x080010e0   0x00000070   Code   RO          351    .text.HAL_PWR_EnterSLEEPMode  stm32g0xx_hal_pwr.o
    0x08001150   0x08001150   0x00000448   Code   RO          128    .text.HAL_RCCEx_PeriphCLKConfig  stm32g0xx_hal_rcc_ex.o
    0x08001598   0x08001598   0x00000254   Code   RO           91    .text.HAL_RCC_ClockConfig  stm32g0xx_hal_rcc.o
    0x080017ec   0x080017ec   0x0000000c   Code   RO           97    .text.HAL_RCC_GetHCLKFreq  stm32g0xx_hal_rcc.o
    0x080017f8   0x080017f8   0x00000028   Code   RO           99    .text.HAL_RCC_GetPCLK1Freq  stm32g0xx_hal_rcc.o
    0x08001820   0x08001820   0x00000120   Code   RO           93    .text.HAL_RCC_GetSysClockFreq  stm32g0xx_hal_rcc.o
    0x08001940   0x08001940   0x00000740   Code   RO           89    .text.HAL_RCC_OscConfig  stm32g0xx_hal_rcc.o
    0x08002080   0x08002080   0x0000000c   Code   RO          526    .text.HAL_ResumeTick  stm32g0xx_hal.o
    0x0800208c   0x0800208c   0x0000001c   Code   RO          570    .text.HAL_SYSCFG_StrobeDBattpinsConfig  stm32g0xx_hal.o
    0x080020a8   0x080020a8   0x00000010   Code   RO          463    .text.HAL_SYSTICK_Config  stm32g0xx_hal_cortex.o
    0x080020b8   0x080020b8   0x00000010   Code   RO          524    .text.HAL_SuspendTick  stm32g0xx_hal.o
    0x080020c8   0x080020c8   0x0000007a   Code   RO          777    .text.HAL_UARTEx_DisableFifoMode  stm32g0xx_hal_uart_ex.o
    0x08002142   0x08002142   0x0000000c   Code   RO          701    .text.HAL_UARTEx_RxEventCallback  stm32g0xx_hal_uart.o
    0x0800214e   0x0800214e   0x00000008   Code   RO          759    .text.HAL_UARTEx_RxFifoFullCallback  stm32g0xx_hal_uart_ex.o
    0x08002156   0x08002156   0x00000090   Code   RO          781    .text.HAL_UARTEx_SetRxFifoThreshold  stm32g0xx_hal_uart_ex.o
    0x080021e6   0x080021e6   0x00000090   Code   RO          779    .text.HAL_UARTEx_SetTxFifoThreshold  stm32g0xx_hal_uart_ex.o
    0x08002276   0x08002276   0x00000008   Code   RO          761    .text.HAL_UARTEx_TxFifoEmptyCallback  stm32g0xx_hal_uart_ex.o
    0x0800227e   0x0800227e   0x00000008   Code   RO          757    .text.HAL_UARTEx_WakeupCallback  stm32g0xx_hal_uart_ex.o
    0x08002286   0x08002286   0x00000008   Code   RO           13    .text.HAL_UART_ErrorCallback  main.o
    0x0800228e   0x0800228e   0x00000002   PAD
    0x08002290   0x08002290   0x0000058c   Code   RO          695    .text.HAL_UART_IRQHandler  stm32g0xx_hal_uart.o
    0x0800281c   0x0800281c   0x000000b4   Code   RO          607    .text.HAL_UART_Init  stm32g0xx_hal_uart.o
    0x080028d0   0x080028d0   0x00000144   Code   RO           74    .text.HAL_UART_MspInit  stm32g0xx_hal_msp.o
    0x08002a14   0x08002a14   0x000000e8   Code   RO          643    .text.HAL_UART_Receive_IT  stm32g0xx_hal_uart.o
    0x08002afc   0x08002afc   0x00000008   Code   RO          709    .text.HAL_UART_RxCpltCallback  stm32g0xx_hal_uart.o
    0x08002b04   0x08002b04   0x00000160   Code   RO          627    .text.HAL_UART_Transmit  stm32g0xx_hal_uart.o
    0x08002c64   0x08002c64   0x00000008   Code   RO          705    .text.HAL_UART_TxCpltCallback  stm32g0xx_hal_uart.o
    0x08002c6c   0x08002c6c   0x00000004   Code   RO           57    .text.HardFault_Handler  stm32g0xx_it.o
    0x08002c70   0x08002c70   0x00000074   Code   RO          820    .text.HeadCompare   frm_protocol.o
    0x08002ce4   0x08002ce4   0x00000010   Code   RO          101    .text.LL_RCC_GetAPB1Prescaler  stm32g0xx_hal_rcc.o
    0x08002cf4   0x08002cf4   0x00000088   Code   RO          862    .text.ML_API_DeleteAll  frm_protocol.o
    0x08002d7c   0x08002d7c   0x000001a8   Code   RO          880    .text.ML_API_Enrollment_0x13  frm_protocol.o
    0x08002f24   0x08002f24   0x000000e0   Code   RO          866    .text.ML_API_Match  frm_protocol.o
    0x08003004   0x08003004   0x0000008c   Code   RO          850    .text.ML_API_ResetAndStandby  frm_protocol.o
    0x08003090   0x08003090   0x0000002c   Code   RO           11    .text.MSG_Send      main.o
    0x080030bc   0x080030bc   0x00000088   Code   RO           23    .text.MX_GPIO_Init  main.o
    0x08003144   0x08003144   0x00000088   Code   RO           25    .text.MX_USART1_UART_Init  main.o
    0x080031cc   0x080031cc   0x00000080   Code   RO           27    .text.MX_USART2_UART_Init  main.o
    0x0800324c   0x0800324c   0x00000004   Code   RO           55    .text.NMI_Handler   stm32g0xx_it.o
    0x08003250   0x08003250   0x00000002   Code   RO           61    .text.PendSV_Handler  stm32g0xx_it.o
    0x08003252   0x08003252   0x00000002   PAD
    0x08003254   0x08003254   0x00000048   Code   RO          834    .text.Receive_Interruption  frm_protocol.o
    0x0800329c   0x0800329c   0x00000002   Code   RO           59    .text.SVC_Handler   stm32g0xx_it.o
    0x0800329e   0x0800329e   0x00000022   Code   RO          860    .text.State_of_DeleteAll  frm_protocol.o
    0x080032c0   0x080032c0   0x00000066   Code   RO          878    .text.State_of_Enrollment_0x13  frm_protocol.o
    0x08003326   0x08003326   0x00000080   Code   RO          864    .text.State_of_Match  frm_protocol.o
    0x080033a6   0x080033a6   0x00000022   Code   RO          848    .text.State_of_ResetAndStandby  frm_protocol.o
    0x080033c8   0x080033c8   0x00000050   Code   RO          465    .text.SysTick_Config  stm32g0xx_hal_cortex.o
    0x08003418   0x08003418   0x00000008   Code   RO           63    .text.SysTick_Handler  stm32g0xx_it.o
    0x08003420   0x08003420   0x00000082   Code   RO           21    .text.SystemClock_Config  main.o
    0x080034a2   0x080034a2   0x00000002   Code   RO          800    .text.SystemInit    system_stm32g0xx.o
    0x080034a4   0x080034a4   0x00000094   Code   RO          775    .text.UARTEx_SetNbDataToProcess  stm32g0xx_hal_uart_ex.o
    0x08003538   0x08003538   0x0000015a   Code   RO          613    .text.UART_AdvFeatureConfig  stm32g0xx_hal_uart.o
    0x08003692   0x08003692   0x00000002   PAD
    0x08003694   0x08003694   0x000000ac   Code   RO          615    .text.UART_CheckIdleState  stm32g0xx_hal_uart.o
    0x08003740   0x08003740   0x000000c8   Code   RO          832    .text.UART_Compare  frm_protocol.o
    0x08003808   0x08003808   0x00000024   Code   RO          697    .text.UART_DMAAbortOnError  stm32g0xx_hal_uart.o
    0x0800382c   0x0800382c   0x000000b8   Code   RO          667    .text.UART_EndRxTransfer  stm32g0xx_hal_uart.o
    0x080038e4   0x080038e4   0x0000004c   Code   RO          703    .text.UART_EndTransmit_IT  stm32g0xx_hal_uart.o
    0x08003930   0x08003930   0x00000144   Code   RO          739    .text.UART_RxISR_16BIT  stm32g0xx_hal_uart.o
    0x08003a74   0x08003a74   0x000002dc   Code   RO          735    .text.UART_RxISR_16BIT_FIFOEN  stm32g0xx_hal_uart.o
    0x08003d50   0x08003d50   0x00000140   Code   RO          741    .text.UART_RxISR_8BIT  stm32g0xx_hal_uart.o
    0x08003e90   0x08003e90   0x000002d8   Code   RO          737    .text.UART_RxISR_8BIT_FIFOEN  stm32g0xx_hal_uart.o
    0x08004168   0x08004168   0x00000630   Code   RO          611    .text.UART_SetConfig  stm32g0xx_hal_uart.o
    0x08004798   0x08004798   0x0000025c   Code   RO          645    .text.UART_Start_Receive_IT  stm32g0xx_hal_uart.o
    0x080049f4   0x080049f4   0x00000192   Code   RO          629    .text.UART_WaitOnFlagUntilTimeout  stm32g0xx_hal_uart.o
    0x08004b86   0x08004b86   0x00000002   PAD
    0x08004b88   0x08004b88   0x00000034   Code   RO           15    .text.USART1_IRQHandler  main.o
    0x08004bbc   0x08004bbc   0x0000004c   Code   RO          824    .text.VerifyDataCMD  frm_protocol.o
    0x08004c08   0x08004c08   0x000000bc   Code   RO          830    .text.VerifyParity  frm_protocol.o
    0x08004cc4   0x08004cc4   0x0000002c   Code   RO          453    .text.__NVIC_EnableIRQ  stm32g0xx_hal_cortex.o
    0x08004cf0   0x08004cf0   0x00000084   Code   RO          449    .text.__NVIC_SetPriority  stm32g0xx_hal_cortex.o
    0x08004d74   0x08004d74   0x00000024   Code   RO           31    .text.fputc         main.o
    0x08004d98   0x08004d98   0x00000258   Code   RO           19    .text.main          main.o
    0x08004ff0   0x08004ff0   0x00000020   Code   RO          933    i.__0printf         mc_p.l(printfa.o)
    0x08005010   0x08005010   0x0000002e   Code   RO         1004    i.__ARM_clz         mf_p.l(depilogue.o)
    0x0800503e   0x0800503e   0x0000000e   Code   RO         1008    i.__scatterload_copy  mc_p.l(handlers.o)
    0x0800504c   0x0800504c   0x00000002   Code   RO         1009    i.__scatterload_null  mc_p.l(handlers.o)
    0x0800504e   0x0800504e   0x0000000e   Code   RO         1010    i.__scatterload_zeroinit  mc_p.l(handlers.o)
    0x0800505c   0x0800505c   0x00000174   Code   RO          940    i._fp_digits        mc_p.l(printfa.o)
    0x080051d0   0x080051d0   0x000006ec   Code   RO          941    i._printf_core      mc_p.l(printfa.o)
    0x080058bc   0x080058bc   0x00000020   Code   RO          942    i._printf_post_padding  mc_p.l(printfa.o)
    0x080058dc   0x080058dc   0x0000002c   Code   RO          943    i._printf_pre_padding  mc_p.l(printfa.o)
    0x08005908   0x08005908   0x00000029   Data   RO          906    .rodata..L__const.ML_API_Enrollment_0x13.pEnrollCmd  frm_protocol.o
    0x08005931   0x08005931   0x00000003   PAD
    0x08005934   0x08005934   0x00000014   Data   RO           44    .rodata..L__const.main.str_dir  main.o
    0x08005948   0x08005948   0x00000040   Data   RO          805    .rodata.AHBPrescTable  system_stm32g0xx.o
    0x08005988   0x08005988   0x00000020   Data   RO          806    .rodata.APBPrescTable  system_stm32g0xx.o
    0x080059a8   0x080059a8   0x00000008   Data   RO          792    .rodata.UARTEx_SetNbDataToProcess.denominator  stm32g0xx_hal_uart_ex.o
    0x080059b0   0x080059b0   0x00000008   Data   RO          791    .rodata.UARTEx_SetNbDataToProcess.numerator  stm32g0xx_hal_uart_ex.o
    0x080059b8   0x080059b8   0x00000018   Data   RO          747    .rodata.UARTPrescTable  stm32g0xx_hal_uart.o
    0x080059d0   0x080059d0   0x00000020   Data   RO           42    .rodata.cst32       main.o
    0x080059f0   0x080059f0   0x000000b1   Data   RO           43    .rodata.str1.1      main.o
    0x08005aa1   0x08005aa1   0x00000028   Data   RO          901    .rodata.str1.1      frm_protocol.o
    0x08005ac9   0x08005ac9   0x00000003   PAD
    0x08005acc   0x08005acc   0x00000020   Data   RO         1007    Region$$Table       anon$$obj.o


    Execution Region RW_IRAM1 (Exec base: 0x20000000, Load base: 0x08005af0, Size: 0x00000640, Max: 0x00024000, ABSOLUTE)

    Exec Addr    Load Addr    Size         Type   Attr      Idx    E Section Name        Object

    0x20000000   0x08005af0   0x00000004   Data   RW          974    .data               mc_p.l(stdout.o)
    0x20000004   0x08005af4   0x00000004   Data   RW          804    .data.SystemCoreClock  system_stm32g0xx.o
    0x20000008   0x08005af8   0x00000002   Data   RW          884    .data.head_bytes    frm_protocol.o
    0x2000000a   0x08005afa   0x00000001   Data   RW          573    .data.uwTickFreq    stm32g0xx_hal.o
    0x2000000b   0x08005afb   0x00000001   PAD
    0x2000000c   0x08005afc   0x00000004   Data   RW          572    .data.uwTickPrio    stm32g0xx_hal.o
    0x20000010        -       0x00000004   Zero   RW          891    .bss.DataStorage.index_2  frm_protocol.o
    0x20000014        -       0x00000004   Zero   RW          889    .bss.GetDataLength.index_3  frm_protocol.o
    0x20000018        -       0x00000004   Zero   RW          888    .bss.HeadCompare.index  frm_protocol.o
    0x2000001c        -       0x00000001   Zero   RW           37    .bss.IT_Button      main.o
    0x2000001d        -       0x00000001   Zero   RW          887    .bss.IT_Button      frm_protocol.o
    0x2000001e   0x08005b00   0x00000002   PAD
    0x20000020        -       0x00000004   Zero   RW          886    .bss.current_step   frm_protocol.o
    0x20000024        -       0x00000001   Zero   RW          883    .bss.data_recieve_finished  frm_protocol.o
    0x20000025        -       0x00000045   Zero   RW           36    .bss.function       main.o
    0x2000006a        -       0x00000001   Zero   RW           35    .bss.g_fUART1_Byte  main.o
    0x2000006b   0x08005b00   0x00000001   PAD
    0x2000006c        -       0x00000094   Zero   RW           34    .bss.huart1         main.o
    0x20000100        -       0x00000094   Zero   RW           46    .bss.huart2         main.o
    0x20000194        -       0x00000004   Zero   RW          890    .bss.length         frm_protocol.o
    0x20000198        -       0x00000004   Zero   RW           39    .bss.p_function_1   main.o
    0x2000019c        -       0x00000004   Zero   RW           41    .bss.p_function_2   main.o
    0x200001a0        -       0x00000004   Zero   RW           45    .bss.p_function_3   main.o
    0x200001a4        -       0x00000064   Zero   RW          892    .bss.ring_buff      frm_protocol.o
    0x20000208        -       0x00000004   Zero   RW          893    .bss.ring_buff_index  frm_protocol.o
    0x2000020c        -       0x00000004   Zero   RW          885    .bss.state          frm_protocol.o
    0x20000210        -       0x00000004   Zero   RW           38    .bss.times          main.o
    0x20000214        -       0x00000028   Zero   RW           40    .bss.user           main.o
    0x2000023c        -       0x00000004   Zero   RW          574    .bss.uwTick         stm32g0xx_hal.o
    0x20000240        -       0x00000400   Zero   RW            1    STACK               startup_stm32g0b1xx.o


==============================================================================

Image component sizes


      Code (inc. data)   RO Data    RW Data    ZI Data      Debug   Object Name

      2464        108         81          2        130      10709   frm_protocol.o
      1372        124        229          0        423       9503   main.o
        28          8        188          0       1024        612   startup_stm32g0b1xx.o
       272         24          0          5          4       7848   stm32g0xx_hal.o
       322         24          0          0          0       6294   stm32g0xx_hal_cortex.o
       366          0          0          0          0       7699   stm32g0xx_hal_dma.o
       894         44          0          0          0       4540   stm32g0xx_hal_gpio.o
       396         32          0          0          0       7176   stm32g0xx_hal_msp.o
       112          8          0          0          0       3581   stm32g0xx_hal_pwr.o
       232         12          0          0          0       7072   stm32g0xx_hal_pwr_ex.o
      2808        124          0          0          0       9467   stm32g0xx_hal_rcc.o
      1096         32          0          0          0      10461   stm32g0xx_hal_rcc_ex.o
      7720        316         24          0          0      41174   stm32g0xx_hal_uart.o
       582          8         16          0          0       9854   stm32g0xx_hal_uart_ex.o
        20          0          0          0          0        704   stm32g0xx_it.o
         2          0         96          4          0       1863   system_stm32g0xx.o

    ----------------------------------------------------------------------
     18704        864        672         12       1584     138557   Object Totals
         0          0         32          0          0          0   (incl. Generated)
        18          0          6          1          3          0   (incl. Padding)

    ----------------------------------------------------------------------

      Code (inc. data)   RO Data    RW Data    ZI Data      Debug   Library Member Name

         0          0          0          0          0          0   entry.o
         0          0          0          0          0          0   entry10a.o
         0          0          0          0          0          0   entry11a.o
         8          4          0          0          0          0   entry2.o
         4          0          0          0          0          0   entry5.o
         0          0          0          0          0          0   entry7b.o
         0          0          0          0          0          0   entry8b.o
         8          4          0          0          0          0   entry9a.o
        30          0          0          0          0          0   handlers.o
        80          6          0          0          0         72   idiv_div0.o
        36          8          0          0          0         68   init.o
         0          0          0          0          0          0   iusefp.o
        32          0          0          0          0         68   llshl.o
        38          0          0          0          0         68   llsshr.o
        34          0          0          0          0         68   llushr.o
        36          0          0          0          0         60   memcpya.o
        36          0          0          0          0        100   memseta.o
      2252         98          0          0          0        412   printfa.o
         0          0          0          4          0          0   stdout.o
        62          0          0          0          0         72   uidiv_div0.o
        96          0          0          0          0         84   uldiv.o
        40          2          0          0          0         68   cdrcmple.o
       356          4          0          0          0        140   dadd.o
       240          6          0          0          0         84   ddiv.o
       236          0          0          0          0        216   depilogue.o
        64         10          0          0          0         68   dfixul.o
       208          6          0          0          0         88   dmul.o

    ----------------------------------------------------------------------
      3900        148          0          4          0       1736   Library Totals
         4          0          0          0          0          0   (incl. Padding)

    ----------------------------------------------------------------------

      Code (inc. data)   RO Data    RW Data    ZI Data      Debug   Library Name

      2752        120          0          4          0       1072   mc_p.l
      1144         28          0          0          0        664   mf_p.l

    ----------------------------------------------------------------------
      3900        148          0          4          0       1736   Library Totals

    ----------------------------------------------------------------------

==============================================================================


      Code (inc. data)   RO Data    RW Data    ZI Data      Debug   

     22604       1012        672         16       1584     139321   Grand Totals
     22604       1012        672         16       1584     139321   ELF Image Totals
     22604       1012        672         16          0          0   ROM Totals

==============================================================================

    Total RO  Size (Code + RO Data)                23276 (  22.73kB)
    Total RW  Size (RW Data + ZI Data)              1600 (   1.56kB)
    Total ROM Size (Code + RO Data + RW Data)      23292 (  22.75kB)

==============================================================================

