<html>
<body>
<pre>
<h1>µVision Build Log</h1>
<h2>Tool Versions:</h2>
IDE-Version: ¦ÌVision V5.37.0.0
Copyright (C) 2022 ARM Ltd and ARM Germany GmbH. All rights reserved.
License Information: mi cheng, mi, LIC=QF82M-XNNQ3-SBLEJ-UI2K1-XVRYX-RI1U1
 
Tool Versions:
Toolchain:       MDK-ARM Plus  Version: 5.37.0.0
Toolchain Path:  F:\keil_core\ARM\ARMCLANG\Bin
C Compiler:      ArmClang.exe V6.18
Assembler:       Armasm.exe V6.18
Linker/Locator:  ArmLink.exe V6.18
Library Manager: ArmAr.exe V6.18
Hex Converter:   FromElf.exe V6.18
CPU DLL:         SARMCM3.DLL V5.37.0.0
Dialog DLL:      DARMCM1.DLL V1.19.6.0
Target DLL:      STLink\ST-LINKIII-KEIL_SWO.dll V3.0.9.0
Dialog DLL:      TARMCM1.DLL V1.14.6.0
 
<h2>Project:</h2>
C:\Users\LENOVO\Desktop\uart_demo\uart_demo\MDK-ARM\uart_demo.uvprojx
Project File Date:  10/25/2022

<h2>Output:</h2>
*** Using Compiler 'V6.18', folder: 'F:\keil_core\ARM\ARMCLANG\Bin'
Build target 'uart_demo'
compiling main.c...
../Drivers/MyDriver/FRM_Protocol.c(236): warning: implicit declaration of function 'MSG_Send' is invalid in C99 [-Wimplicit-function-declaration]
        MSG_Send(pCmd1, 6);
        ^
../Drivers/MyDriver/FRM_Protocol.c(280): warning: implicit declaration of function 'MSG_Send' is invalid in C99 [-Wimplicit-function-declaration]
        MSG_Send(pCmd1, 7);
        ^
../Drivers/MyDriver/FRM_Protocol.c(318): warning: implicit declaration of function 'MSG_Send' is invalid in C99 [-Wimplicit-function-declaration]
        MSG_Send(pCmd1, 6);
        ^
../Drivers/MyDriver/FRM_Protocol.c(356): warning: implicit declaration of function 'MSG_Send' is invalid in C99 [-Wimplicit-function-declaration]
        MSG_Send(pCmd1, 6);
        ^
../Drivers/MyDriver/FRM_Protocol.c(394): warning: implicit declaration of function 'MSG_Send' is invalid in C99 [-Wimplicit-function-declaration]
        MSG_Send(pCmd1, 6);
        ^
../Drivers/MyDriver/FRM_Protocol.c(439): warning: implicit declaration of function 'MSG_Send' is invalid in C99 [-Wimplicit-function-declaration]
        MSG_Send(pCmd1, 8);
        ^
../Drivers/MyDriver/FRM_Protocol.c(474): warning: implicit declaration of function 'MSG_Send' is invalid in C99 [-Wimplicit-function-declaration]
        MSG_Send(pCmd1, 6);
        ^
../Drivers/MyDriver/FRM_Protocol.c(523): warning: implicit declaration of function 'MSG_Send' is invalid in C99 [-Wimplicit-function-declaration]
        MSG_Send(pCmd1, 8);
        ^
../Drivers/MyDriver/FRM_Protocol.c(587): warning: implicit declaration of function 'MSG_Send' is invalid in C99 [-Wimplicit-function-declaration]
        MSG_Send(pCmd1, 6);
        ^
../Drivers/MyDriver/FRM_Protocol.c(615): warning: implicit declaration of function 'MSG_Send' is invalid in C99 [-Wimplicit-function-declaration]
        MSG_Send(pCmd1, 6);
        ^
../Drivers/MyDriver/FRM_Protocol.c(688): warning: implicit declaration of function 'MSG_Send' is invalid in C99 [-Wimplicit-function-declaration]
        MSG_Send(pEnrollCmd, sizeof(pEnrollCmd));
        ^
../Drivers/MyDriver/FRM_Protocol.c(841): warning: implicit declaration of function 'MSG_Send' is invalid in C99 [-Wimplicit-function-declaration]
        MSG_Send(pEnrollCmd, sizeof(pEnrollCmd));
        ^
12 warnings generated.
compiling FRM_Protocol.c...
linking...
Program Size: Code=22604 RO-data=672 RW-data=16 ZI-data=1584  
FromELF: creating hex file...
".\uart_demo\uart_demo.axf" - 0 Error(s), 12 Warning(s).

<h2>Software Packages used:</h2>

Package Vendor: ARM
                http://www.keil.com/pack/ARM.CMSIS.5.9.0.pack
                ARM.CMSIS.5.9.0
                CMSIS (Common Microcontroller Software Interface Standard)
   * Component: CORE Version: 5.6.0

Package Vendor: Keil
                http://www.keil.com/pack/Keil.STM32G0xx_DFP.1.4.0.pack
                Keil.STM32G0xx_DFP.1.4.0
                STMicroelectronics STM32G0 Series Device Support

<h2>Collection of Component include folders:</h2>
  ./RTE/_uart_demo
  F:/keil_pack/ARM/CMSIS/5.9.0/CMSIS/Core/Include
  F:/keil_pack/Keil/STM32G0xx_DFP/1.4.0/Drivers/CMSIS/Device/ST/STM32G0xx/Include

<h2>Collection of Component Files used:</h2>

   * Component: ARM::CMSIS:CORE:5.6.0
      Include file:  CMSIS/Core/Include/tz_context.h
Build Time Elapsed:  00:00:01
</pre>
</body>
</html>
